[1.471s] Invoking command in '/root/workspaces/turtlebot_delivery_norasheikhly/src/delivery_mission_controller': PYTHONPATH=/root/workspaces/turtlebot_delivery_norasheikhly/build/delivery_mission_controller/prefix_override:/usr/lib/python3/dist-packages/colcon_core/task/python/colcon_distutils_commands:/root/workspaces/turtlebot_delivery_norasheikhly/install/delivery_mission_controller/lib/python3.12/site-packages:/root/workspaces/turtlebot_delivery_norasheikhly/install/delivery_mission_interfaces/lib/python3.12/site-packages:/root/workspaces/turtlebot_delivery_norasheikhly/install/delivery_mission_controller/lib/python3.12/site-packages:/opt/ros/jazzy/lib/python3.12/site-packages /usr/bin/python3 -W ignore:setup.py install is deprecated -W ignore:easy_install command is deprecated setup.py egg_info --egg-base ../../build/delivery_mission_controller build --build-base /root/workspaces/turtlebot_delivery_norasheikhly/build/delivery_mission_controller/build install --record /root/workspaces/turtlebot_delivery_norasheikhly/build/delivery_mission_controller/install.log --install-scripts $base/lib/delivery_mission_controller --single-version-externally-managed install_data
[1.806s] running egg_info
[1.837s] writing ../../build/delivery_mission_controller/delivery_mission_controller.egg-info/PKG-INFO
[1.864s] writing dependency_links to ../../build/delivery_mission_controller/delivery_mission_controller.egg-info/dependency_links.txt
[1.887s] writing entry points to ../../build/delivery_mission_controller/delivery_mission_controller.egg-info/entry_points.txt
[1.906s] writing requirements to ../../build/delivery_mission_controller/delivery_mission_controller.egg-info/requires.txt
[1.938s] writing top-level names to ../../build/delivery_mission_controller/delivery_mission_controller.egg-info/top_level.txt
[2.007s] reading manifest file '../../build/delivery_mission_controller/delivery_mission_controller.egg-info/SOURCES.txt'
[2.025s] writing manifest file '../../build/delivery_mission_controller/delivery_mission_controller.egg-info/SOURCES.txt'
[2.044s] running build
[2.063s] running build_py
[2.063s] copying delivery_mission_controller/delivery_mission_server_node.py -> /root/workspaces/turtlebot_delivery_norasheikhly/build/delivery_mission_controller/build/lib/delivery_mission_controller
[2.085s] running install
[2.110s] running install_lib
[2.128s] copying /root/workspaces/turtlebot_delivery_norasheikhly/build/delivery_mission_controller/build/lib/delivery_mission_controller/delivery_mission_server_node.py -> /root/workspaces/turtlebot_delivery_norasheikhly/install/delivery_mission_controller/lib/python3.12/site-packages/delivery_mission_controller
[2.150s] byte-compiling /root/workspaces/turtlebot_delivery_norasheikhly/install/delivery_mission_controller/lib/python3.12/site-packages/delivery_mission_controller/delivery_mission_server_node.py to delivery_mission_server_node.cpython-312.pyc
[2.185s] running install_data
[2.200s] running install_egg_info
[2.221s] removing '/root/workspaces/turtlebot_delivery_norasheikhly/install/delivery_mission_controller/lib/python3.12/site-packages/delivery_mission_controller-0.0.0-py3.12.egg-info' (and everything under it)
[2.266s] Copying ../../build/delivery_mission_controller/delivery_mission_controller.egg-info to /root/workspaces/turtlebot_delivery_norasheikhly/install/delivery_mission_controller/lib/python3.12/site-packages/delivery_mission_controller-0.0.0-py3.12.egg-info
[2.509s] running install_scripts
[2.712s] Installing delivery_mission_server script to /root/workspaces/turtlebot_delivery_norasheikhly/install/delivery_mission_controller/lib/delivery_mission_controller
[2.737s] writing list of installed files to '/root/workspaces/turtlebot_delivery_norasheikhly/build/delivery_mission_controller/install.log'
[2.784s] Invoked command in '/root/workspaces/turtlebot_delivery_norasheikhly/src/delivery_mission_controller' returned '0': PYTHONPATH=/root/workspaces/turtlebot_delivery_norasheikhly/build/delivery_mission_controller/prefix_override:/usr/lib/python3/dist-packages/colcon_core/task/python/colcon_distutils_commands:/root/workspaces/turtlebot_delivery_norasheikhly/install/delivery_mission_controller/lib/python3.12/site-packages:/root/workspaces/turtlebot_delivery_norasheikhly/install/delivery_mission_interfaces/lib/python3.12/site-packages:/root/workspaces/turtlebot_delivery_norasheikhly/install/delivery_mission_controller/lib/python3.12/site-packages:/opt/ros/jazzy/lib/python3.12/site-packages /usr/bin/python3 -W ignore:setup.py install is deprecated -W ignore:easy_install command is deprecated setup.py egg_info --egg-base ../../build/delivery_mission_controller build --build-base /root/workspaces/turtlebot_delivery_norasheikhly/build/delivery_mission_controller/build install --record /root/workspaces/turtlebot_delivery_norasheikhly/build/delivery_mission_controller/install.log --install-scripts $base/lib/delivery_mission_controller --single-version-externally-managed install_data
