[1.274s] Invoking command in '/root/workspaces/turtlebot_delivery_norasheikhly/src/delivery_mission_controller': PYTHONPATH=/root/workspaces/turtlebot_delivery_norasheikhly/build/delivery_mission_controller/prefix_override:/usr/lib/python3/dist-packages/colcon_core/task/python/colcon_distutils_commands:/root/workspaces/turtlebot_delivery_norasheikhly/install/delivery_mission_controller/lib/python3.12/site-packages:/root/workspaces/turtlebot_delivery_norasheikhly/install/delivery_mission_interfaces/lib/python3.12/site-packages:/root/workspaces/turtlebot_delivery_norasheikhly/install/delivery_mission_controller/lib/python3.12/site-packages:/root/workspaces/install/obstacle_controller/lib/python3.12/site-packages:/root/workspaces/install/obstacle_interfaces/lib/python3.12/site-packages:/opt/ros/jazzy/lib/python3.12/site-packages /usr/bin/python3 -W ignore:setup.py install is deprecated -W ignore:easy_install command is deprecated setup.py egg_info --egg-base ../../build/delivery_mission_controller build --build-base /root/workspaces/turtlebot_delivery_norasheikhly/build/delivery_mission_controller/build install --record /root/workspaces/turtlebot_delivery_norasheikhly/build/delivery_mission_controller/install.log --install-scripts $base/lib/delivery_mission_controller --single-version-externally-managed install_data
[1.509s] running egg_info
[1.531s] writing ../../build/delivery_mission_controller/delivery_mission_controller.egg-info/PKG-INFO
[1.563s] writing dependency_links to ../../build/delivery_mission_controller/delivery_mission_controller.egg-info/dependency_links.txt
[1.581s] writing entry points to ../../build/delivery_mission_controller/delivery_mission_controller.egg-info/entry_points.txt
[1.610s] writing requirements to ../../build/delivery_mission_controller/delivery_mission_controller.egg-info/requires.txt
[1.636s] writing top-level names to ../../build/delivery_mission_controller/delivery_mission_controller.egg-info/top_level.txt
[1.686s] reading manifest file '../../build/delivery_mission_controller/delivery_mission_controller.egg-info/SOURCES.txt'
[1.704s] writing manifest file '../../build/delivery_mission_controller/delivery_mission_controller.egg-info/SOURCES.txt'
[1.731s] running build
[1.758s] running build_py
[1.778s] running install
[1.804s] running install_lib
[1.836s] running install_data
[1.856s] running install_egg_info
[1.856s] removing '/root/workspaces/turtlebot_delivery_norasheikhly/install/delivery_mission_controller/lib/python3.12/site-packages/delivery_mission_controller-0.0.0-py3.12.egg-info' (and everything under it)
[1.857s] Copying ../../build/delivery_mission_controller/delivery_mission_controller.egg-info to /root/workspaces/turtlebot_delivery_norasheikhly/install/delivery_mission_controller/lib/python3.12/site-packages/delivery_mission_controller-0.0.0-py3.12.egg-info
[2.109s] running install_scripts
[2.274s] Installing delivery_mission_server script to /root/workspaces/turtlebot_delivery_norasheikhly/install/delivery_mission_controller/lib/delivery_mission_controller
[2.303s] writing list of installed files to '/root/workspaces/turtlebot_delivery_norasheikhly/build/delivery_mission_controller/install.log'
[2.349s] Invoked command in '/root/workspaces/turtlebot_delivery_norasheikhly/src/delivery_mission_controller' returned '0': PYTHONPATH=/root/workspaces/turtlebot_delivery_norasheikhly/build/delivery_mission_controller/prefix_override:/usr/lib/python3/dist-packages/colcon_core/task/python/colcon_distutils_commands:/root/workspaces/turtlebot_delivery_norasheikhly/install/delivery_mission_controller/lib/python3.12/site-packages:/root/workspaces/turtlebot_delivery_norasheikhly/install/delivery_mission_interfaces/lib/python3.12/site-packages:/root/workspaces/turtlebot_delivery_norasheikhly/install/delivery_mission_controller/lib/python3.12/site-packages:/root/workspaces/install/obstacle_controller/lib/python3.12/site-packages:/root/workspaces/install/obstacle_interfaces/lib/python3.12/site-packages:/opt/ros/jazzy/lib/python3.12/site-packages /usr/bin/python3 -W ignore:setup.py install is deprecated -W ignore:easy_install command is deprecated setup.py egg_info --egg-base ../../build/delivery_mission_controller build --build-base /root/workspaces/turtlebot_delivery_norasheikhly/build/delivery_mission_controller/build install --record /root/workspaces/turtlebot_delivery_norasheikhly/build/delivery_mission_controller/install.log --install-scripts $base/lib/delivery_mission_controller --single-version-externally-managed install_data
