[0.164s] DEBUG:colcon:Command line arguments: ['/usr/bin/colcon', 'build', '--packages-select', 'delivery_mission_controller']
[0.164s] DEBUG:colcon:Parsed command line arguments: Namespace(log_base=None, log_level=None, verb_name='build', build_base='build', install_base='install', merge_install=False, symlink_install=False, test_result_base=None, continue_on_error=False, executor='parallel', parallel_workers=4, event_handlers=None, ignore_user_meta=False, metas=['./colcon.meta'], base_paths=['.'], packages_ignore=None, packages_ignore_regex=None, paths=None, packages_up_to=None, packages_up_to_regex=None, packages_above=None, packages_above_and_dependencies=None, packages_above_depth=None, packages_select_by_dep=None, packages_skip_by_dep=None, packages_skip_up_to=None, packages_select_build_failed=False, packages_skip_build_finished=False, packages_select_test_failures=False, packages_skip_test_passed=False, packages_select=['delivery_mission_controller'], packages_skip=None, packages_select_regex=None, packages_skip_regex=None, packages_start=None, packages_end=None, allow_overriding=[], cmake_args=None, cmake_target=None, cmake_target_skip_unavailable=False, cmake_clean_cache=False, cmake_clean_first=False, cmake_force_configure=False, ament_cmake_args=None, catkin_cmake_args=None, catkin_skip_building_tests=False, verb_parser=<colcon_defaults.argument_parser.defaults.DefaultArgumentsDecorator object at 0x7f5afaa75370>, verb_extension=<colcon_core.verb.build.BuildVerb object at 0x7f5afac43050>, main=<bound method BuildVerb.main of <colcon_core.verb.build.BuildVerb object at 0x7f5afac43050>>)
[0.233s] Level 1:colcon.colcon_core.package_discovery:discover_packages(colcon_meta) check parameters
[0.235s] Level 1:colcon.colcon_core.package_discovery:discover_packages(recursive) check parameters
[0.238s] Level 1:colcon.colcon_core.package_discovery:discover_packages(ignore) check parameters
[0.242s] Level 1:colcon.colcon_core.package_discovery:discover_packages(path) check parameters
[0.249s] Level 1:colcon.colcon_core.package_discovery:discover_packages(colcon_meta) discover
[0.254s] Level 1:colcon.colcon_core.package_discovery:discover_packages(recursive) discover
[0.258s] INFO:colcon.colcon_core.package_discovery:Crawling recursively for packages in '/root/workspaces/turtlebot_delivery_norasheikhly'
[0.263s] Level 1:colcon.colcon_core.package_identification:_identify(.) by extensions ['ignore', 'ignore_ament_install']
[0.267s] Level 1:colcon.colcon_core.package_identification:_identify(.) by extension 'ignore'
[0.273s] Level 1:colcon.colcon_core.package_identification:_identify(.) by extension 'ignore_ament_install'
[0.279s] Level 1:colcon.colcon_core.package_identification:_identify(.) by extensions ['colcon_pkg']
[0.280s] Level 1:colcon.colcon_core.package_identification:_identify(.) by extension 'colcon_pkg'
[0.286s] Level 1:colcon.colcon_core.package_identification:_identify(.) by extensions ['colcon_meta']
[0.289s] Level 1:colcon.colcon_core.package_identification:_identify(.) by extension 'colcon_meta'
[0.294s] Level 1:colcon.colcon_core.package_identification:_identify(.) by extensions ['ros']
[0.297s] Level 1:colcon.colcon_core.package_identification:_identify(.) by extension 'ros'
[0.338s] Level 1:colcon.colcon_core.package_identification:_identify(.) by extensions ['cmake', 'python']
[0.338s] Level 1:colcon.colcon_core.package_identification:_identify(.) by extension 'cmake'
[0.346s] Level 1:colcon.colcon_core.package_identification:_identify(.) by extension 'python'
[0.350s] Level 1:colcon.colcon_core.package_identification:_identify(.) by extensions ['python_setup_py']
[0.356s] Level 1:colcon.colcon_core.package_identification:_identify(.) by extension 'python_setup_py'
[0.362s] Level 1:colcon.colcon_core.package_identification:_identify(build) by extensions ['ignore', 'ignore_ament_install']
[0.365s] Level 1:colcon.colcon_core.package_identification:_identify(build) by extension 'ignore'
[0.370s] Level 1:colcon.colcon_core.package_identification:_identify(build) ignored
[0.374s] Level 1:colcon.colcon_core.package_identification:_identify(install) by extensions ['ignore', 'ignore_ament_install']
[0.378s] Level 1:colcon.colcon_core.package_identification:_identify(install) by extension 'ignore'
[0.384s] Level 1:colcon.colcon_core.package_identification:_identify(install) ignored
[0.392s] Level 1:colcon.colcon_core.package_identification:_identify(log) by extensions ['ignore', 'ignore_ament_install']
[0.392s] Level 1:colcon.colcon_core.package_identification:_identify(log) by extension 'ignore'
[0.397s] Level 1:colcon.colcon_core.package_identification:_identify(log) ignored
[0.404s] Level 1:colcon.colcon_core.package_identification:_identify(src) by extensions ['ignore', 'ignore_ament_install']
[0.408s] Level 1:colcon.colcon_core.package_identification:_identify(src) by extension 'ignore'
[0.419s] Level 1:colcon.colcon_core.package_identification:_identify(src) by extension 'ignore_ament_install'
[0.425s] Level 1:colcon.colcon_core.package_identification:_identify(src) by extensions ['colcon_pkg']
[0.425s] Level 1:colcon.colcon_core.package_identification:_identify(src) by extension 'colcon_pkg'
[0.432s] Level 1:colcon.colcon_core.package_identification:_identify(src) by extensions ['colcon_meta']
[0.434s] Level 1:colcon.colcon_core.package_identification:_identify(src) by extension 'colcon_meta'
[0.439s] Level 1:colcon.colcon_core.package_identification:_identify(src) by extensions ['ros']
[0.444s] Level 1:colcon.colcon_core.package_identification:_identify(src) by extension 'ros'
[0.455s] Level 1:colcon.colcon_core.package_identification:_identify(src) by extensions ['cmake', 'python']
[0.455s] Level 1:colcon.colcon_core.package_identification:_identify(src) by extension 'cmake'
[0.461s] Level 1:colcon.colcon_core.package_identification:_identify(src) by extension 'python'
[0.464s] Level 1:colcon.colcon_core.package_identification:_identify(src) by extensions ['python_setup_py']
[0.467s] Level 1:colcon.colcon_core.package_identification:_identify(src) by extension 'python_setup_py'
[0.472s] Level 1:colcon.colcon_core.package_identification:_identify(src/delivery_mission_controller) by extensions ['ignore', 'ignore_ament_install']
[0.475s] Level 1:colcon.colcon_core.package_identification:_identify(src/delivery_mission_controller) by extension 'ignore'
[0.481s] Level 1:colcon.colcon_core.package_identification:_identify(src/delivery_mission_controller) by extension 'ignore_ament_install'
[0.488s] Level 1:colcon.colcon_core.package_identification:_identify(src/delivery_mission_controller) by extensions ['colcon_pkg']
[0.489s] Level 1:colcon.colcon_core.package_identification:_identify(src/delivery_mission_controller) by extension 'colcon_pkg'
[0.495s] Level 1:colcon.colcon_core.package_identification:_identify(src/delivery_mission_controller) by extensions ['colcon_meta']
[0.502s] Level 1:colcon.colcon_core.package_identification:_identify(src/delivery_mission_controller) by extension 'colcon_meta'
[0.507s] Level 1:colcon.colcon_core.package_identification:_identify(src/delivery_mission_controller) by extensions ['ros']
[0.511s] Level 1:colcon.colcon_core.package_identification:_identify(src/delivery_mission_controller) by extension 'ros'
[0.527s] DEBUG:colcon.colcon_core.package_identification:Package 'src/delivery_mission_controller' with type 'ros.ament_python' and name 'delivery_mission_controller'
[0.529s] Level 1:colcon.colcon_core.package_identification:_identify(src/delivery_mission_interfaces) by extensions ['ignore', 'ignore_ament_install']
[0.533s] Level 1:colcon.colcon_core.package_identification:_identify(src/delivery_mission_interfaces) by extension 'ignore'
[0.539s] Level 1:colcon.colcon_core.package_identification:_identify(src/delivery_mission_interfaces) by extension 'ignore_ament_install'
[0.545s] Level 1:colcon.colcon_core.package_identification:_identify(src/delivery_mission_interfaces) by extensions ['colcon_pkg']
[0.547s] Level 1:colcon.colcon_core.package_identification:_identify(src/delivery_mission_interfaces) by extension 'colcon_pkg'
[0.553s] Level 1:colcon.colcon_core.package_identification:_identify(src/delivery_mission_interfaces) by extensions ['colcon_meta']
[0.556s] Level 1:colcon.colcon_core.package_identification:_identify(src/delivery_mission_interfaces) by extension 'colcon_meta'
[0.562s] Level 1:colcon.colcon_core.package_identification:_identify(src/delivery_mission_interfaces) by extensions ['ros']
[0.566s] Level 1:colcon.colcon_core.package_identification:_identify(src/delivery_mission_interfaces) by extension 'ros'
[0.580s] DEBUG:colcon.colcon_core.package_identification:Package 'src/delivery_mission_interfaces' with type 'ros.ament_cmake' and name 'delivery_mission_interfaces'
[0.580s] Level 1:colcon.colcon_core.package_discovery:discover_packages(recursive) using defaults
[0.585s] Level 1:colcon.colcon_core.package_discovery:discover_packages(ignore) discover
[0.591s] Level 1:colcon.colcon_core.package_discovery:discover_packages(ignore) using defaults
[0.595s] Level 1:colcon.colcon_core.package_discovery:discover_packages(path) discover
[0.600s] Level 1:colcon.colcon_core.package_discovery:discover_packages(path) using defaults
[0.633s] INFO:colcon.colcon_core.package_selection:Skipping not selected package 'delivery_mission_interfaces' in 'src/delivery_mission_interfaces'
[0.634s] Level 1:colcon.colcon_core.package_discovery:discover_packages(prefix_path) check parameters
[0.644s] Level 1:colcon.colcon_core.package_discovery:discover_packages(prefix_path) discover
[0.673s] DEBUG:colcon.colcon_installed_package_information.package_discovery:Found 4 installed packages in /root/workspaces/turtlebot_ws/install
[0.676s] DEBUG:colcon.colcon_installed_package_information.package_discovery:Found 455 installed packages in /opt/ros/jazzy
[0.679s] Level 1:colcon.colcon_core.package_discovery:discover_packages(prefix_path) using defaults
[0.774s] Level 5:colcon.colcon_core.verb:set package 'delivery_mission_controller' build argument 'cmake_args' from command line to 'None'
[0.774s] Level 5:colcon.colcon_core.verb:set package 'delivery_mission_controller' build argument 'cmake_target' from command line to 'None'
[0.774s] Level 5:colcon.colcon_core.verb:set package 'delivery_mission_controller' build argument 'cmake_target_skip_unavailable' from command line to 'False'
[0.778s] Level 5:colcon.colcon_core.verb:set package 'delivery_mission_controller' build argument 'cmake_clean_cache' from command line to 'False'
[0.783s] Level 5:colcon.colcon_core.verb:set package 'delivery_mission_controller' build argument 'cmake_clean_first' from command line to 'False'
[0.788s] Level 5:colcon.colcon_core.verb:set package 'delivery_mission_controller' build argument 'cmake_force_configure' from command line to 'False'
[0.793s] Level 5:colcon.colcon_core.verb:set package 'delivery_mission_controller' build argument 'ament_cmake_args' from command line to 'None'
[0.797s] Level 5:colcon.colcon_core.verb:set package 'delivery_mission_controller' build argument 'catkin_cmake_args' from command line to 'None'
[0.804s] Level 5:colcon.colcon_core.verb:set package 'delivery_mission_controller' build argument 'catkin_skip_building_tests' from command line to 'False'
[0.809s] DEBUG:colcon.colcon_core.verb:Building package 'delivery_mission_controller' with the following arguments: {'ament_cmake_args': None, 'build_base': '/root/workspaces/turtlebot_delivery_norasheikhly/build/delivery_mission_controller', 'catkin_cmake_args': None, 'catkin_skip_building_tests': False, 'cmake_args': None, 'cmake_clean_cache': False, 'cmake_clean_first': False, 'cmake_force_configure': False, 'cmake_target': None, 'cmake_target_skip_unavailable': False, 'install_base': '/root/workspaces/turtlebot_delivery_norasheikhly/install/delivery_mission_controller', 'merge_install': False, 'path': '/root/workspaces/turtlebot_delivery_norasheikhly/src/delivery_mission_controller', 'symlink_install': False, 'test_result_base': None}
[0.814s] INFO:colcon.colcon_core.executor:Executing jobs using 'parallel' executor
[0.818s] DEBUG:colcon.colcon_parallel_executor.executor.parallel:run_until_complete
[0.822s] INFO:colcon.colcon_ros.task.ament_python.build:Building ROS package in '/root/workspaces/turtlebot_delivery_norasheikhly/src/delivery_mission_controller' with build type 'ament_python'
[0.826s] Level 1:colcon.colcon_core.shell:create_environment_hook('delivery_mission_controller', 'ament_prefix_path')
[0.828s] INFO:colcon.colcon_core.plugin_system:Skipping extension 'colcon_core.shell.bat': Not used on non-Windows systems
[0.828s] INFO:colcon.colcon_core.shell:Creating environment hook '/root/workspaces/turtlebot_delivery_norasheikhly/install/delivery_mission_controller/share/delivery_mission_controller/hook/ament_prefix_path.ps1'
[0.847s] INFO:colcon.colcon_core.shell:Creating environment descriptor '/root/workspaces/turtlebot_delivery_norasheikhly/install/delivery_mission_controller/share/delivery_mission_controller/hook/ament_prefix_path.dsv'
[0.865s] INFO:colcon.colcon_core.shell:Creating environment hook '/root/workspaces/turtlebot_delivery_norasheikhly/install/delivery_mission_controller/share/delivery_mission_controller/hook/ament_prefix_path.sh'
[0.881s] INFO:colcon.colcon_core.shell:Skip shell extension 'powershell' for command environment: Not usable outside of PowerShell
[0.881s] DEBUG:colcon.colcon_core.shell:Skip shell extension 'dsv' for command environment
[1.320s] INFO:colcon.colcon_core.task.python.build:Building Python package in '/root/workspaces/turtlebot_delivery_norasheikhly/src/delivery_mission_controller'
[1.321s] INFO:colcon.colcon_core.shell:Skip shell extension 'powershell' for command environment: Not usable outside of PowerShell
[1.321s] DEBUG:colcon.colcon_core.shell:Skip shell extension 'dsv' for command environment
[2.246s] DEBUG:colcon.colcon_core.task.python.build:Available setuptools commands: install_egg_info, sdist, clean, build_py, build_clib, install_headers, update_catalog, symlink_data, install_data, upload, build, check, egg_info, bdist_wheel, build_ext, saveopts, bdist_dumb, alias, develop, install, bdist_egg, rotate, upload_docs, editable_wheel, test, install_lib, setopt, bdist_rpm, compile_catalog, init_catalog, easy_install, bdist, build_scripts, install_scripts, dist_info, register, extract_messages
[2.305s] DEBUG:colcon.colcon_core.event_handler.log_command:Invoking command in '/root/workspaces/turtlebot_delivery_norasheikhly/src/delivery_mission_controller': AMENT_PREFIX_PATH=/root/workspaces/turtlebot_delivery_norasheikhly/install/delivery_mission_interfaces:${AMENT_PREFIX_PATH} CMAKE_PREFIX_PATH=/root/workspaces/turtlebot_delivery_norasheikhly/install/delivery_mission_interfaces:${CMAKE_PREFIX_PATH} LD_LIBRARY_PATH=/root/workspaces/turtlebot_delivery_norasheikhly/install/delivery_mission_interfaces/lib:${LD_LIBRARY_PATH} PYTHONPATH=/root/workspaces/turtlebot_delivery_norasheikhly/build/delivery_mission_controller/prefix_override:/usr/lib/python3/dist-packages/colcon_core/task/python/colcon_distutils_commands:/root/workspaces/turtlebot_delivery_norasheikhly/install/delivery_mission_controller/lib/python3.12/site-packages:/root/workspaces/turtlebot_delivery_norasheikhly/install/delivery_mission_interfaces/lib/python3.12/site-packages:${PYTHONPATH} /usr/bin/python3 -W ignore:setup.py install is deprecated -W ignore:easy_install command is deprecated setup.py egg_info --egg-base ../../build/delivery_mission_controller build --build-base /root/workspaces/turtlebot_delivery_norasheikhly/build/delivery_mission_controller/build install --record /root/workspaces/turtlebot_delivery_norasheikhly/build/delivery_mission_controller/install.log --install-scripts $base/lib/delivery_mission_controller --single-version-externally-managed install_data
[3.513s] DEBUG:colcon.colcon_core.event_handler.log_command:Invoked command in '/root/workspaces/turtlebot_delivery_norasheikhly/src/delivery_mission_controller' returned '0': AMENT_PREFIX_PATH=/root/workspaces/turtlebot_delivery_norasheikhly/install/delivery_mission_interfaces:${AMENT_PREFIX_PATH} CMAKE_PREFIX_PATH=/root/workspaces/turtlebot_delivery_norasheikhly/install/delivery_mission_interfaces:${CMAKE_PREFIX_PATH} LD_LIBRARY_PATH=/root/workspaces/turtlebot_delivery_norasheikhly/install/delivery_mission_interfaces/lib:${LD_LIBRARY_PATH} PYTHONPATH=/root/workspaces/turtlebot_delivery_norasheikhly/build/delivery_mission_controller/prefix_override:/usr/lib/python3/dist-packages/colcon_core/task/python/colcon_distutils_commands:/root/workspaces/turtlebot_delivery_norasheikhly/install/delivery_mission_controller/lib/python3.12/site-packages:/root/workspaces/turtlebot_delivery_norasheikhly/install/delivery_mission_interfaces/lib/python3.12/site-packages:${PYTHONPATH} /usr/bin/python3 -W ignore:setup.py install is deprecated -W ignore:easy_install command is deprecated setup.py egg_info --egg-base ../../build/delivery_mission_controller build --build-base /root/workspaces/turtlebot_delivery_norasheikhly/build/delivery_mission_controller/build install --record /root/workspaces/turtlebot_delivery_norasheikhly/build/delivery_mission_controller/install.log --install-scripts $base/lib/delivery_mission_controller --single-version-externally-managed install_data
[3.515s] Level 1:colcon.colcon_core.environment:checking '/root/workspaces/turtlebot_delivery_norasheikhly/install/delivery_mission_controller' for CMake module files
[3.542s] Level 1:colcon.colcon_core.environment:checking '/root/workspaces/turtlebot_delivery_norasheikhly/install/delivery_mission_controller' for CMake config files
[3.559s] Level 1:colcon.colcon_core.environment:checking '/root/workspaces/turtlebot_delivery_norasheikhly/install/delivery_mission_controller/lib'
[3.560s] Level 1:colcon.colcon_core.environment:checking '/root/workspaces/turtlebot_delivery_norasheikhly/install/delivery_mission_controller/bin'
[3.565s] Level 1:colcon.colcon_core.environment:checking '/root/workspaces/turtlebot_delivery_norasheikhly/install/delivery_mission_controller/lib/pkgconfig/delivery_mission_controller.pc'
[3.570s] Level 1:colcon.colcon_core.environment:checking '/root/workspaces/turtlebot_delivery_norasheikhly/install/delivery_mission_controller/lib/python3.12/site-packages'
[3.573s] Level 1:colcon.colcon_core.shell:create_environment_hook('delivery_mission_controller', 'pythonpath')
[3.577s] INFO:colcon.colcon_core.shell:Creating environment hook '/root/workspaces/turtlebot_delivery_norasheikhly/install/delivery_mission_controller/share/delivery_mission_controller/hook/pythonpath.ps1'
[3.599s] INFO:colcon.colcon_core.shell:Creating environment descriptor '/root/workspaces/turtlebot_delivery_norasheikhly/install/delivery_mission_controller/share/delivery_mission_controller/hook/pythonpath.dsv'
[3.616s] INFO:colcon.colcon_core.shell:Creating environment hook '/root/workspaces/turtlebot_delivery_norasheikhly/install/delivery_mission_controller/share/delivery_mission_controller/hook/pythonpath.sh'
[3.634s] Level 1:colcon.colcon_core.environment:checking '/root/workspaces/turtlebot_delivery_norasheikhly/install/delivery_mission_controller/bin'
[3.634s] Level 1:colcon.colcon_core.environment:create_environment_scripts_only(delivery_mission_controller)
[3.639s] INFO:colcon.colcon_core.shell:Creating package script '/root/workspaces/turtlebot_delivery_norasheikhly/install/delivery_mission_controller/share/delivery_mission_controller/package.ps1'
[3.664s] INFO:colcon.colcon_core.shell:Creating package descriptor '/root/workspaces/turtlebot_delivery_norasheikhly/install/delivery_mission_controller/share/delivery_mission_controller/package.dsv'
[3.680s] INFO:colcon.colcon_core.shell:Creating package script '/root/workspaces/turtlebot_delivery_norasheikhly/install/delivery_mission_controller/share/delivery_mission_controller/package.sh'
[3.696s] INFO:colcon.colcon_core.shell:Creating package script '/root/workspaces/turtlebot_delivery_norasheikhly/install/delivery_mission_controller/share/delivery_mission_controller/package.bash'
[3.712s] INFO:colcon.colcon_core.shell:Creating package script '/root/workspaces/turtlebot_delivery_norasheikhly/install/delivery_mission_controller/share/delivery_mission_controller/package.zsh'
[3.728s] Level 1:colcon.colcon_core.environment:create_file_with_runtime_dependencies(/root/workspaces/turtlebot_delivery_norasheikhly/install/delivery_mission_controller/share/colcon-core/packages/delivery_mission_controller)
[3.746s] DEBUG:colcon.colcon_parallel_executor.executor.parallel:closing loop
[3.746s] DEBUG:colcon.colcon_parallel_executor.executor.parallel:loop closed
[3.750s] DEBUG:colcon.colcon_parallel_executor.executor.parallel:run_until_complete finished with '0'
[3.750s] DEBUG:colcon.colcon_core.event_reactor:joining thread
[3.779s] INFO:colcon.colcon_core.plugin_system:Skipping extension 'colcon_notification.desktop_notification.notify_send': Could not find 'notify-send'
[3.779s] INFO:colcon.colcon_core.plugin_system:Skipping extension 'colcon_notification.desktop_notification.terminal_notifier': Not used on non-Darwin systems
[3.784s] INFO:colcon.colcon_core.plugin_system:Skipping extension 'colcon_notification.desktop_notification.win32': Not used on non-Windows systems
[3.789s] INFO:colcon.colcon_notification.desktop_notification:Sending desktop notification using 'notify2'
[3.802s] DEBUG:colcon.colcon_notification.desktop_notification.notify2:Failed to initialize notify2: org.freedesktop.DBus.Error.Spawn.ExecFailed: /usr/bin/dbus-launch terminated abnormally without any error message
[3.803s] DEBUG:colcon.colcon_core.event_reactor:joined thread
[3.807s] INFO:colcon.colcon_core.shell:Creating prefix script '/root/workspaces/turtlebot_delivery_norasheikhly/install/local_setup.ps1'
[3.829s] INFO:colcon.colcon_core.shell:Creating prefix util module '/root/workspaces/turtlebot_delivery_norasheikhly/install/_local_setup_util_ps1.py'
[3.853s] INFO:colcon.colcon_core.shell:Creating prefix chain script '/root/workspaces/turtlebot_delivery_norasheikhly/install/setup.ps1'
[3.882s] INFO:colcon.colcon_core.shell:Creating prefix script '/root/workspaces/turtlebot_delivery_norasheikhly/install/local_setup.sh'
[3.902s] INFO:colcon.colcon_core.shell:Creating prefix util module '/root/workspaces/turtlebot_delivery_norasheikhly/install/_local_setup_util_sh.py'
[3.932s] INFO:colcon.colcon_core.shell:Creating prefix chain script '/root/workspaces/turtlebot_delivery_norasheikhly/install/setup.sh'
[3.961s] INFO:colcon.colcon_core.shell:Creating prefix script '/root/workspaces/turtlebot_delivery_norasheikhly/install/local_setup.bash'
[3.981s] INFO:colcon.colcon_core.shell:Creating prefix chain script '/root/workspaces/turtlebot_delivery_norasheikhly/install/setup.bash'
[4.010s] INFO:colcon.colcon_core.shell:Creating prefix script '/root/workspaces/turtlebot_delivery_norasheikhly/install/local_setup.zsh'
[4.037s] INFO:colcon.colcon_core.shell:Creating prefix chain script '/root/workspaces/turtlebot_delivery_norasheikhly/install/setup.zsh'
