[0.121s] Invoking command in '/root/workspaces/amcl-localization-norasheikhly/build/robot_localization': CMAKE_PREFIX_PATH=${CMAKE_PREFIX_PATH}:/opt/ros/jazzy /usr/bin/cmake --build /root/workspaces/amcl-localization-norasheikhly/build/robot_localization -- -j4 -l4
[0.142s] Invoked command in '/root/workspaces/amcl-localization-norasheikhly/build/robot_localization' returned '0': CMAKE_PREFIX_PATH=${CMAKE_PREFIX_PATH}:/opt/ros/jazzy /usr/bin/cmake --build /root/workspaces/amcl-localization-norasheikhly/build/robot_localization -- -j4 -l4
[0.166s] Invoking command in '/root/workspaces/amcl-localization-norasheikhly/build/robot_localization': CMAKE_PREFIX_PATH=${CMAKE_PREFIX_PATH}:/opt/ros/jazzy /usr/bin/cmake --install /root/workspaces/amcl-localization-norasheikhly/build/robot_localization
[0.174s] -- Install configuration: ""
[0.175s] -- Up-to-date: /root/workspaces/amcl-localization-norasheikhly/install/robot_localization/share/robot_localization/launch
[0.183s] -- Up-to-date: /root/workspaces/amcl-localization-norasheikhly/install/robot_localization/share/robot_localization/launch/amcl.launch.py
[0.186s] -- Up-to-date: /root/workspaces/amcl-localization-norasheikhly/install/robot_localization/share/robot_localization/config
[0.206s] -- Up-to-date: /root/workspaces/amcl-localization-norasheikhly/install/robot_localization/share/robot_localization/config/amcl.yaml
[0.226s] -- Up-to-date: /root/workspaces/amcl-localization-norasheikhly/install/robot_localization/share/robot_localization/map
[0.247s] -- Up-to-date: /root/workspaces/amcl-localization-norasheikhly/install/robot_localization/share/robot_localization/map/turtlebot3_world_map.pgm
[0.270s] -- Up-to-date: /root/workspaces/amcl-localization-norasheikhly/install/robot_localization/share/robot_localization/map/turtlebot3_world_map.yaml
[0.292s] -- Up-to-date: /root/workspaces/amcl-localization-norasheikhly/install/robot_localization/share/ament_index/resource_index/package_run_dependencies/robot_localization
[0.310s] -- Up-to-date: /root/workspaces/amcl-localization-norasheikhly/install/robot_localization/share/ament_index/resource_index/parent_prefix_path/robot_localization
[0.327s] -- Up-to-date: /root/workspaces/amcl-localization-norasheikhly/install/robot_localization/share/robot_localization/environment/ament_prefix_path.sh
[0.350s] -- Up-to-date: /root/workspaces/amcl-localization-norasheikhly/install/robot_localization/share/robot_localization/environment/ament_prefix_path.dsv
[0.370s] -- Up-to-date: /root/workspaces/amcl-localization-norasheikhly/install/robot_localization/share/robot_localization/environment/path.sh
[0.388s] -- Up-to-date: /root/workspaces/amcl-localization-norasheikhly/install/robot_localization/share/robot_localization/environment/path.dsv
[0.405s] -- Up-to-date: /root/workspaces/amcl-localization-norasheikhly/install/robot_localization/share/robot_localization/local_setup.bash
[0.426s] -- Up-to-date: /root/workspaces/amcl-localization-norasheikhly/install/robot_localization/share/robot_localization/local_setup.sh
[0.434s] -- Up-to-date: /root/workspaces/amcl-localization-norasheikhly/install/robot_localization/share/robot_localization/local_setup.zsh
[0.434s] -- Up-to-date: /root/workspaces/amcl-localization-norasheikhly/install/robot_localization/share/robot_localization/local_setup.dsv
[0.434s] -- Installing: /root/workspaces/amcl-localization-norasheikhly/install/robot_localization/share/robot_localization/package.dsv
[0.434s] -- Up-to-date: /root/workspaces/amcl-localization-norasheikhly/install/robot_localization/share/ament_index/resource_index/packages/robot_localization
[0.434s] -- Up-to-date: /root/workspaces/amcl-localization-norasheikhly/install/robot_localization/share/robot_localization/cmake/robot_localizationConfig.cmake
[0.435s] -- Up-to-date: /root/workspaces/amcl-localization-norasheikhly/install/robot_localization/share/robot_localization/cmake/robot_localizationConfig-version.cmake
[0.435s] -- Up-to-date: /root/workspaces/amcl-localization-norasheikhly/install/robot_localization/share/robot_localization/package.xml
[0.435s] Invoked command in '/root/workspaces/amcl-localization-norasheikhly/build/robot_localization' returned '0': CMAKE_PREFIX_PATH=${CMAKE_PREFIX_PATH}:/opt/ros/jazzy /usr/bin/cmake --install /root/workspaces/amcl-localization-norasheikhly/build/robot_localization
