[1.394s] Invoking command in '/root/workspaces/turtlebot_delivery_norasheikhly/src/delivery_mission_controller': PYTHONPATH=/root/workspaces/turtlebot_delivery_norasheikhly/build/delivery_mission_controller/prefix_override:/usr/lib/python3/dist-packages/colcon_core/task/python/colcon_distutils_commands:/root/workspaces/turtlebot_delivery_norasheikhly/install/delivery_mission_controller/lib/python3.12/site-packages:/root/workspaces/turtlebot_delivery_norasheikhly/install/delivery_mission_interfaces/lib/python3.12/site-packages:/root/workspaces/turtlebot_delivery_norasheikhly/install/delivery_mission_controller/lib/python3.12/site-packages:/opt/ros/jazzy/lib/python3.12/site-packages /usr/bin/python3 -W ignore:setup.py install is deprecated -W ignore:easy_install command is deprecated setup.py egg_info --egg-base ../../build/delivery_mission_controller build --build-base /root/workspaces/turtlebot_delivery_norasheikhly/build/delivery_mission_controller/build install --record /root/workspaces/turtlebot_delivery_norasheikhly/build/delivery_mission_controller/install.log --install-scripts $base/lib/delivery_mission_controller --single-version-externally-managed install_data
[1.715s] running egg_info
[1.745s] writing ../../build/delivery_mission_controller/delivery_mission_controller.egg-info/PKG-INFO
[1.766s] writing dependency_links to ../../build/delivery_mission_controller/delivery_mission_controller.egg-info/dependency_links.txt
[1.794s] writing entry points to ../../build/delivery_mission_controller/delivery_mission_controller.egg-info/entry_points.txt
[1.813s] writing requirements to ../../build/delivery_mission_controller/delivery_mission_controller.egg-info/requires.txt
[1.830s] writing top-level names to ../../build/delivery_mission_controller/delivery_mission_controller.egg-info/top_level.txt
[1.910s] reading manifest file '../../build/delivery_mission_controller/delivery_mission_controller.egg-info/SOURCES.txt'
[1.926s] writing manifest file '../../build/delivery_mission_controller/delivery_mission_controller.egg-info/SOURCES.txt'
[1.945s] running build
[1.958s] running build_py
[1.962s] copying delivery_mission_controller/delivery_mission_server_node.py -> /root/workspaces/turtlebot_delivery_norasheikhly/build/delivery_mission_controller/build/lib/delivery_mission_controller
[1.984s] running install
[2.010s] running install_lib
[2.029s] copying /root/workspaces/turtlebot_delivery_norasheikhly/build/delivery_mission_controller/build/lib/delivery_mission_controller/delivery_mission_server_node.py -> /root/workspaces/turtlebot_delivery_norasheikhly/install/delivery_mission_controller/lib/python3.12/site-packages/delivery_mission_controller
[2.049s] byte-compiling /root/workspaces/turtlebot_delivery_norasheikhly/install/delivery_mission_controller/lib/python3.12/site-packages/delivery_mission_controller/delivery_mission_server_node.py to delivery_mission_server_node.cpython-312.pyc
[2.071s] running install_data
[2.094s] running install_egg_info
[2.099s] removing '/root/workspaces/turtlebot_delivery_norasheikhly/install/delivery_mission_controller/lib/python3.12/site-packages/delivery_mission_controller-0.0.0-py3.12.egg-info' (and everything under it)
[2.153s] Copying ../../build/delivery_mission_controller/delivery_mission_controller.egg-info to /root/workspaces/turtlebot_delivery_norasheikhly/install/delivery_mission_controller/lib/python3.12/site-packages/delivery_mission_controller-0.0.0-py3.12.egg-info
[2.349s] running install_scripts
[2.554s] Installing delivery_mission_server script to /root/workspaces/turtlebot_delivery_norasheikhly/install/delivery_mission_controller/lib/delivery_mission_controller
[2.575s] writing list of installed files to '/root/workspaces/turtlebot_delivery_norasheikhly/build/delivery_mission_controller/install.log'
[2.620s] Invoked command in '/root/workspaces/turtlebot_delivery_norasheikhly/src/delivery_mission_controller' returned '0': PYTHONPATH=/root/workspaces/turtlebot_delivery_norasheikhly/build/delivery_mission_controller/prefix_override:/usr/lib/python3/dist-packages/colcon_core/task/python/colcon_distutils_commands:/root/workspaces/turtlebot_delivery_norasheikhly/install/delivery_mission_controller/lib/python3.12/site-packages:/root/workspaces/turtlebot_delivery_norasheikhly/install/delivery_mission_interfaces/lib/python3.12/site-packages:/root/workspaces/turtlebot_delivery_norasheikhly/install/delivery_mission_controller/lib/python3.12/site-packages:/opt/ros/jazzy/lib/python3.12/site-packages /usr/bin/python3 -W ignore:setup.py install is deprecated -W ignore:easy_install command is deprecated setup.py egg_info --egg-base ../../build/delivery_mission_controller build --build-base /root/workspaces/turtlebot_delivery_norasheikhly/build/delivery_mission_controller/build install --record /root/workspaces/turtlebot_delivery_norasheikhly/build/delivery_mission_controller/install.log --install-scripts $base/lib/delivery_mission_controller --single-version-externally-managed install_data
