[0.150s] Invoking command in '/root/workspaces/turtlebot_delivery_norasheikhly/build/delivery_mission_interfaces': CMAKE_PREFIX_PATH=${CMAKE_PREFIX_PATH}:/opt/ros/jazzy /usr/bin/cmake /root/workspaces/turtlebot_delivery_norasheikhly/src/delivery_mission_interfaces -DCMAKE_INSTALL_PREFIX=/root/workspaces/turtlebot_delivery_norasheikhly/install/delivery_mission_interfaces
[0.433s] -- The C compiler identification is GNU 13.3.0
[0.717s] -- The CXX compiler identification is GNU 13.3.0
[0.800s] -- Detecting C compiler ABI info
[1.761s] -- Detecting C compiler ABI info - done
[1.778s] -- Check for working C compiler: /usr/bin/cc - skipped
[1.786s] -- Detecting C compile features
[1.786s] -- Detecting C compile features - done
[1.861s] -- Detecting CXX compiler ABI info
[2.779s] -- Detecting CXX compiler ABI info - done
[2.796s] -- Check for working CXX compiler: /usr/bin/c++ - skipped
[2.798s] -- Detecting CXX compile features
[2.798s] -- Detecting CXX compile features - done
[2.925s] -- Found ament_cmake: 2.5.6 (/opt/ros/jazzy/share/ament_cmake/cmake)
[3.314s] -- Found Python3: /usr/bin/python3 (found version "3.12.3") found components: Interpreter 
[4.208s] -- Found ament_lint_auto: 0.17.5 (/opt/ros/jazzy/share/ament_lint_auto/cmake)
[4.716s] -- Found rosidl_default_generators: 1.6.1 (/opt/ros/jazzy/share/rosidl_default_generators/cmake)
[4.826s] -- Using all available rosidl_typesupport_c: rosidl_typesupport_fastrtps_c;rosidl_typesupport_introspection_c
[5.324s] -- Using all available rosidl_typesupport_cpp: rosidl_typesupport_fastrtps_cpp;rosidl_typesupport_introspection_cpp
[5.770s] -- Found rosidl_adapter: 4.6.9 (/opt/ros/jazzy/share/rosidl_adapter/cmake)
[5.775s] [31mCMake Error at /opt/ros/jazzy/share/rosidl_cmake/cmake/rosidl_generate_interfaces.cmake:95 (message):
[5.775s]   rosidl_generate_interfaces() the passed file 'action/DriveMission.action'
[5.775s]   doesn't exist relative to the CMAKE_CURRENT_SOURCE_DIR
[5.776s]   '/root/workspaces/turtlebot_delivery_norasheikhly/src/delivery_mission_interfaces'
[5.776s] Call Stack (most recent call first):
[5.776s]   CMakeLists.txt:28 (rosidl_generate_interfaces)
[5.776s] 
[5.776s] [0m
[5.782s] -- Configuring incomplete, errors occurred!
[5.828s] Invoked command in '/root/workspaces/turtlebot_delivery_norasheikhly/build/delivery_mission_interfaces' returned '1': CMAKE_PREFIX_PATH=${CMAKE_PREFIX_PATH}:/opt/ros/jazzy /usr/bin/cmake /root/workspaces/turtlebot_delivery_norasheikhly/src/delivery_mission_interfaces -DCMAKE_INSTALL_PREFIX=/root/workspaces/turtlebot_delivery_norasheikhly/install/delivery_mission_interfaces
