[1.288s] Invoking command in '/root/workspaces/turtlebot_delivery_norasheikhly/src/delivery_mission_controller': AMENT_PREFIX_PATH=/root/workspaces/turtlebot_delivery_norasheikhly/install/delivery_mission_interfaces:${AMENT_PREFIX_PATH} CMAKE_PREFIX_PATH=/root/workspaces/turtlebot_delivery_norasheikhly/install/delivery_mission_interfaces:${CMAKE_PREFIX_PATH} LD_LIBRARY_PATH=/root/workspaces/turtlebot_delivery_norasheikhly/install/delivery_mission_interfaces/lib:${LD_LIBRARY_PATH} PYTHONPATH=/root/workspaces/turtlebot_delivery_norasheikhly/build/delivery_mission_controller/prefix_override:/usr/lib/python3/dist-packages/colcon_core/task/python/colcon_distutils_commands:/root/workspaces/turtlebot_delivery_norasheikhly/install/delivery_mission_controller/lib/python3.12/site-packages:/root/workspaces/turtlebot_delivery_norasheikhly/install/delivery_mission_interfaces/lib/python3.12/site-packages:${PYTHONPATH} /usr/bin/python3 -W ignore:setup.py install is deprecated -W ignore:easy_install command is deprecated setup.py egg_info --egg-base ../../build/delivery_mission_controller build --build-base /root/workspaces/turtlebot_delivery_norasheikhly/build/delivery_mission_controller/build install --record /root/workspaces/turtlebot_delivery_norasheikhly/build/delivery_mission_controller/install.log --install-scripts $base/lib/delivery_mission_controller --single-version-externally-managed install_data
[1.509s] running egg_info
[1.530s] writing ../../build/delivery_mission_controller/delivery_mission_controller.egg-info/PKG-INFO
[1.557s] writing dependency_links to ../../build/delivery_mission_controller/delivery_mission_controller.egg-info/dependency_links.txt
[1.574s] writing entry points to ../../build/delivery_mission_controller/delivery_mission_controller.egg-info/entry_points.txt
[1.594s] writing requirements to ../../build/delivery_mission_controller/delivery_mission_controller.egg-info/requires.txt
[1.620s] writing top-level names to ../../build/delivery_mission_controller/delivery_mission_controller.egg-info/top_level.txt
[1.697s] reading manifest file '../../build/delivery_mission_controller/delivery_mission_controller.egg-info/SOURCES.txt'
[1.711s] writing manifest file '../../build/delivery_mission_controller/delivery_mission_controller.egg-info/SOURCES.txt'
[1.730s] running build
[1.749s] running build_py
[1.770s] running install
[1.789s] running install_lib
[1.809s] running install_data
[1.828s] running install_egg_info
[1.848s] removing '/root/workspaces/turtlebot_delivery_norasheikhly/install/delivery_mission_controller/lib/python3.12/site-packages/delivery_mission_controller-0.0.0-py3.12.egg-info' (and everything under it)
[1.853s] Copying ../../build/delivery_mission_controller/delivery_mission_controller.egg-info to /root/workspaces/turtlebot_delivery_norasheikhly/install/delivery_mission_controller/lib/python3.12/site-packages/delivery_mission_controller-0.0.0-py3.12.egg-info
[2.060s] running install_scripts
[2.220s] Installing delivery_mission_server script to /root/workspaces/turtlebot_delivery_norasheikhly/install/delivery_mission_controller/lib/delivery_mission_controller
[2.243s] writing list of installed files to '/root/workspaces/turtlebot_delivery_norasheikhly/build/delivery_mission_controller/install.log'
[2.289s] Invoked command in '/root/workspaces/turtlebot_delivery_norasheikhly/src/delivery_mission_controller' returned '0': AMENT_PREFIX_PATH=/root/workspaces/turtlebot_delivery_norasheikhly/install/delivery_mission_interfaces:${AMENT_PREFIX_PATH} CMAKE_PREFIX_PATH=/root/workspaces/turtlebot_delivery_norasheikhly/install/delivery_mission_interfaces:${CMAKE_PREFIX_PATH} LD_LIBRARY_PATH=/root/workspaces/turtlebot_delivery_norasheikhly/install/delivery_mission_interfaces/lib:${LD_LIBRARY_PATH} PYTHONPATH=/root/workspaces/turtlebot_delivery_norasheikhly/build/delivery_mission_controller/prefix_override:/usr/lib/python3/dist-packages/colcon_core/task/python/colcon_distutils_commands:/root/workspaces/turtlebot_delivery_norasheikhly/install/delivery_mission_controller/lib/python3.12/site-packages:/root/workspaces/turtlebot_delivery_norasheikhly/install/delivery_mission_interfaces/lib/python3.12/site-packages:${PYTHONPATH} /usr/bin/python3 -W ignore:setup.py install is deprecated -W ignore:easy_install command is deprecated setup.py egg_info --egg-base ../../build/delivery_mission_controller build --build-base /root/workspaces/turtlebot_delivery_norasheikhly/build/delivery_mission_controller/build install --record /root/workspaces/turtlebot_delivery_norasheikhly/build/delivery_mission_controller/install.log --install-scripts $base/lib/delivery_mission_controller --single-version-externally-managed install_data
