[0.157s] DEBUG:colcon:Command line arguments: ['/usr/bin/colcon', 'build', '--packages-select', 'delivery_mission_controller']
[0.157s] DEBUG:colcon:Parsed command line arguments: Namespace(log_base=None, log_level=None, verb_name='build', build_base='build', install_base='install', merge_install=False, symlink_install=False, test_result_base=None, continue_on_error=False, executor='parallel', parallel_workers=4, event_handlers=None, ignore_user_meta=False, metas=['./colcon.meta'], base_paths=['.'], packages_ignore=None, packages_ignore_regex=None, paths=None, packages_up_to=None, packages_up_to_regex=None, packages_above=None, packages_above_and_dependencies=None, packages_above_depth=None, packages_select_by_dep=None, packages_skip_by_dep=None, packages_skip_up_to=None, packages_select_build_failed=False, packages_skip_build_finished=False, packages_select_test_failures=False, packages_skip_test_passed=False, packages_select=['delivery_mission_controller'], packages_skip=None, packages_select_regex=None, packages_skip_regex=None, packages_start=None, packages_end=None, allow_overriding=[], cmake_args=None, cmake_target=None, cmake_target_skip_unavailable=False, cmake_clean_cache=False, cmake_clean_first=False, cmake_force_configure=False, ament_cmake_args=None, catkin_cmake_args=None, catkin_skip_building_tests=False, verb_parser=<colcon_defaults.argument_parser.defaults.DefaultArgumentsDecorator object at 0x7f0703e8b950>, verb_extension=<colcon_core.verb.build.BuildVerb object at 0x7f07040eb500>, main=<bound method BuildVerb.main of <colcon_core.verb.build.BuildVerb object at 0x7f07040eb500>>)
[0.217s] Level 1:colcon.colcon_core.package_discovery:discover_packages(colcon_meta) check parameters
[0.217s] Level 1:colcon.colcon_core.package_discovery:discover_packages(recursive) check parameters
[0.223s] Level 1:colcon.colcon_core.package_discovery:discover_packages(ignore) check parameters
[0.228s] Level 1:colcon.colcon_core.package_discovery:discover_packages(path) check parameters
[0.232s] Level 1:colcon.colcon_core.package_discovery:discover_packages(colcon_meta) discover
[0.237s] Level 1:colcon.colcon_core.package_discovery:discover_packages(recursive) discover
[0.243s] INFO:colcon.colcon_core.package_discovery:Crawling recursively for packages in '/root/workspaces/turtlebot_delivery_norasheikhly'
[0.249s] Level 1:colcon.colcon_core.package_identification:_identify(.) by extensions ['ignore', 'ignore_ament_install']
[0.253s] Level 1:colcon.colcon_core.package_identification:_identify(.) by extension 'ignore'
[0.257s] Level 1:colcon.colcon_core.package_identification:_identify(.) by extension 'ignore_ament_install'
[0.262s] Level 1:colcon.colcon_core.package_identification:_identify(.) by extensions ['colcon_pkg']
[0.266s] Level 1:colcon.colcon_core.package_identification:_identify(.) by extension 'colcon_pkg'
[0.271s] Level 1:colcon.colcon_core.package_identification:_identify(.) by extensions ['colcon_meta']
[0.276s] Level 1:colcon.colcon_core.package_identification:_identify(.) by extension 'colcon_meta'
[0.279s] Level 1:colcon.colcon_core.package_identification:_identify(.) by extensions ['ros']
[0.283s] Level 1:colcon.colcon_core.package_identification:_identify(.) by extension 'ros'
[0.321s] Level 1:colcon.colcon_core.package_identification:_identify(.) by extensions ['cmake', 'python']
[0.321s] Level 1:colcon.colcon_core.package_identification:_identify(.) by extension 'cmake'
[0.326s] Level 1:colcon.colcon_core.package_identification:_identify(.) by extension 'python'
[0.330s] Level 1:colcon.colcon_core.package_identification:_identify(.) by extensions ['python_setup_py']
[0.334s] Level 1:colcon.colcon_core.package_identification:_identify(.) by extension 'python_setup_py'
[0.339s] Level 1:colcon.colcon_core.package_identification:_identify(build) by extensions ['ignore', 'ignore_ament_install']
[0.343s] Level 1:colcon.colcon_core.package_identification:_identify(build) by extension 'ignore'
[0.348s] Level 1:colcon.colcon_core.package_identification:_identify(build) ignored
[0.363s] Level 1:colcon.colcon_core.package_identification:_identify(install) by extensions ['ignore', 'ignore_ament_install']
[0.367s] Level 1:colcon.colcon_core.package_identification:_identify(install) by extension 'ignore'
[0.373s] Level 1:colcon.colcon_core.package_identification:_identify(install) ignored
[0.382s] Level 1:colcon.colcon_core.package_identification:_identify(log) by extensions ['ignore', 'ignore_ament_install']
[0.383s] Level 1:colcon.colcon_core.package_identification:_identify(log) by extension 'ignore'
[0.387s] Level 1:colcon.colcon_core.package_identification:_identify(log) ignored
[0.392s] Level 1:colcon.colcon_core.package_identification:_identify(src) by extensions ['ignore', 'ignore_ament_install']
[0.396s] Level 1:colcon.colcon_core.package_identification:_identify(src) by extension 'ignore'
[0.400s] Level 1:colcon.colcon_core.package_identification:_identify(src) by extension 'ignore_ament_install'
[0.405s] Level 1:colcon.colcon_core.package_identification:_identify(src) by extensions ['colcon_pkg']
[0.409s] Level 1:colcon.colcon_core.package_identification:_identify(src) by extension 'colcon_pkg'
[0.413s] Level 1:colcon.colcon_core.package_identification:_identify(src) by extensions ['colcon_meta']
[0.418s] Level 1:colcon.colcon_core.package_identification:_identify(src) by extension 'colcon_meta'
[0.422s] Level 1:colcon.colcon_core.package_identification:_identify(src) by extensions ['ros']
[0.427s] Level 1:colcon.colcon_core.package_identification:_identify(src) by extension 'ros'
[0.432s] Level 1:colcon.colcon_core.package_identification:_identify(src) by extensions ['cmake', 'python']
[0.436s] Level 1:colcon.colcon_core.package_identification:_identify(src) by extension 'cmake'
[0.440s] Level 1:colcon.colcon_core.package_identification:_identify(src) by extension 'python'
[0.444s] Level 1:colcon.colcon_core.package_identification:_identify(src) by extensions ['python_setup_py']
[0.450s] Level 1:colcon.colcon_core.package_identification:_identify(src) by extension 'python_setup_py'
[0.456s] Level 1:colcon.colcon_core.package_identification:_identify(src/delivery_mission_controller) by extensions ['ignore', 'ignore_ament_install']
[0.461s] Level 1:colcon.colcon_core.package_identification:_identify(src/delivery_mission_controller) by extension 'ignore'
[0.465s] Level 1:colcon.colcon_core.package_identification:_identify(src/delivery_mission_controller) by extension 'ignore_ament_install'
[0.470s] Level 1:colcon.colcon_core.package_identification:_identify(src/delivery_mission_controller) by extensions ['colcon_pkg']
[0.474s] Level 1:colcon.colcon_core.package_identification:_identify(src/delivery_mission_controller) by extension 'colcon_pkg'
[0.477s] Level 1:colcon.colcon_core.package_identification:_identify(src/delivery_mission_controller) by extensions ['colcon_meta']
[0.485s] Level 1:colcon.colcon_core.package_identification:_identify(src/delivery_mission_controller) by extension 'colcon_meta'
[0.490s] Level 1:colcon.colcon_core.package_identification:_identify(src/delivery_mission_controller) by extensions ['ros']
[0.495s] Level 1:colcon.colcon_core.package_identification:_identify(src/delivery_mission_controller) by extension 'ros'
[0.507s] DEBUG:colcon.colcon_core.package_identification:Package 'src/delivery_mission_controller' with type 'ros.ament_python' and name 'delivery_mission_controller'
[0.508s] Level 1:colcon.colcon_core.package_identification:_identify(src/delivery_mission_interfaces) by extensions ['ignore', 'ignore_ament_install']
[0.512s] Level 1:colcon.colcon_core.package_identification:_identify(src/delivery_mission_interfaces) by extension 'ignore'
[0.516s] Level 1:colcon.colcon_core.package_identification:_identify(src/delivery_mission_interfaces) by extension 'ignore_ament_install'
[0.521s] Level 1:colcon.colcon_core.package_identification:_identify(src/delivery_mission_interfaces) by extensions ['colcon_pkg']
[0.526s] Level 1:colcon.colcon_core.package_identification:_identify(src/delivery_mission_interfaces) by extension 'colcon_pkg'
[0.531s] Level 1:colcon.colcon_core.package_identification:_identify(src/delivery_mission_interfaces) by extensions ['colcon_meta']
[0.535s] Level 1:colcon.colcon_core.package_identification:_identify(src/delivery_mission_interfaces) by extension 'colcon_meta'
[0.542s] Level 1:colcon.colcon_core.package_identification:_identify(src/delivery_mission_interfaces) by extensions ['ros']
[0.546s] Level 1:colcon.colcon_core.package_identification:_identify(src/delivery_mission_interfaces) by extension 'ros'
[0.555s] DEBUG:colcon.colcon_core.package_identification:Package 'src/delivery_mission_interfaces' with type 'ros.ament_cmake' and name 'delivery_mission_interfaces'
[0.557s] Level 1:colcon.colcon_core.package_discovery:discover_packages(recursive) using defaults
[0.562s] Level 1:colcon.colcon_core.package_discovery:discover_packages(ignore) discover
[0.566s] Level 1:colcon.colcon_core.package_discovery:discover_packages(ignore) using defaults
[0.571s] Level 1:colcon.colcon_core.package_discovery:discover_packages(path) discover
[0.575s] Level 1:colcon.colcon_core.package_discovery:discover_packages(path) using defaults
[0.604s] INFO:colcon.colcon_core.package_selection:Skipping not selected package 'delivery_mission_interfaces' in 'src/delivery_mission_interfaces'
[0.604s] Level 1:colcon.colcon_core.package_discovery:discover_packages(prefix_path) check parameters
[0.609s] Level 1:colcon.colcon_core.package_discovery:discover_packages(prefix_path) discover
[0.652s] DEBUG:colcon.colcon_installed_package_information.package_discovery:Found 2 installed packages in /root/workspaces/turtlebot_delivery_norasheikhly/install
[0.657s] DEBUG:colcon.colcon_installed_package_information.package_discovery:Found 4 installed packages in /root/workspaces/turtlebot_ws/install
[0.666s] DEBUG:colcon.colcon_installed_package_information.package_discovery:Found 455 installed packages in /opt/ros/jazzy
[0.669s] Level 1:colcon.colcon_core.package_discovery:discover_packages(prefix_path) using defaults
[0.755s] Level 5:colcon.colcon_core.verb:set package 'delivery_mission_controller' build argument 'cmake_args' from command line to 'None'
[0.756s] Level 5:colcon.colcon_core.verb:set package 'delivery_mission_controller' build argument 'cmake_target' from command line to 'None'
[0.761s] Level 5:colcon.colcon_core.verb:set package 'delivery_mission_controller' build argument 'cmake_target_skip_unavailable' from command line to 'False'
[0.765s] Level 5:colcon.colcon_core.verb:set package 'delivery_mission_controller' build argument 'cmake_clean_cache' from command line to 'False'
[0.770s] Level 5:colcon.colcon_core.verb:set package 'delivery_mission_controller' build argument 'cmake_clean_first' from command line to 'False'
[0.774s] Level 5:colcon.colcon_core.verb:set package 'delivery_mission_controller' build argument 'cmake_force_configure' from command line to 'False'
[0.778s] Level 5:colcon.colcon_core.verb:set package 'delivery_mission_controller' build argument 'ament_cmake_args' from command line to 'None'
[0.783s] Level 5:colcon.colcon_core.verb:set package 'delivery_mission_controller' build argument 'catkin_cmake_args' from command line to 'None'
[0.788s] Level 5:colcon.colcon_core.verb:set package 'delivery_mission_controller' build argument 'catkin_skip_building_tests' from command line to 'False'
[0.793s] DEBUG:colcon.colcon_core.verb:Building package 'delivery_mission_controller' with the following arguments: {'ament_cmake_args': None, 'build_base': '/root/workspaces/turtlebot_delivery_norasheikhly/build/delivery_mission_controller', 'catkin_cmake_args': None, 'catkin_skip_building_tests': False, 'cmake_args': None, 'cmake_clean_cache': False, 'cmake_clean_first': False, 'cmake_force_configure': False, 'cmake_target': None, 'cmake_target_skip_unavailable': False, 'install_base': '/root/workspaces/turtlebot_delivery_norasheikhly/install/delivery_mission_controller', 'merge_install': False, 'path': '/root/workspaces/turtlebot_delivery_norasheikhly/src/delivery_mission_controller', 'symlink_install': False, 'test_result_base': None}
[0.798s] INFO:colcon.colcon_core.executor:Executing jobs using 'parallel' executor
[0.804s] DEBUG:colcon.colcon_parallel_executor.executor.parallel:run_until_complete
[0.809s] INFO:colcon.colcon_ros.task.ament_python.build:Building ROS package in '/root/workspaces/turtlebot_delivery_norasheikhly/src/delivery_mission_controller' with build type 'ament_python'
[0.814s] Level 1:colcon.colcon_core.shell:create_environment_hook('delivery_mission_controller', 'ament_prefix_path')
[0.816s] INFO:colcon.colcon_core.plugin_system:Skipping extension 'colcon_core.shell.bat': Not used on non-Windows systems
[0.816s] INFO:colcon.colcon_core.shell:Creating environment hook '/root/workspaces/turtlebot_delivery_norasheikhly/install/delivery_mission_controller/share/delivery_mission_controller/hook/ament_prefix_path.ps1'
[0.833s] INFO:colcon.colcon_core.shell:Creating environment descriptor '/root/workspaces/turtlebot_delivery_norasheikhly/install/delivery_mission_controller/share/delivery_mission_controller/hook/ament_prefix_path.dsv'
[0.850s] INFO:colcon.colcon_core.shell:Creating environment hook '/root/workspaces/turtlebot_delivery_norasheikhly/install/delivery_mission_controller/share/delivery_mission_controller/hook/ament_prefix_path.sh'
[0.867s] INFO:colcon.colcon_core.shell:Skip shell extension 'powershell' for command environment: Not usable outside of PowerShell
[0.867s] DEBUG:colcon.colcon_core.shell:Skip shell extension 'dsv' for command environment
[1.264s] INFO:colcon.colcon_core.task.python.build:Building Python package in '/root/workspaces/turtlebot_delivery_norasheikhly/src/delivery_mission_controller'
[1.264s] INFO:colcon.colcon_core.shell:Skip shell extension 'powershell' for command environment: Not usable outside of PowerShell
[1.268s] DEBUG:colcon.colcon_core.shell:Skip shell extension 'dsv' for command environment
[2.157s] DEBUG:colcon.colcon_core.task.python.build:Available setuptools commands: bdist_dumb, rotate, editable_wheel, build_clib, setopt, register, install, develop, dist_info, bdist, easy_install, symlink_data, extract_messages, saveopts, build, check, update_catalog, install_scripts, install_lib, build_scripts, alias, build_py, build_ext, bdist_rpm, install_data, compile_catalog, clean, init_catalog, install_egg_info, upload_docs, install_headers, sdist, upload, bdist_egg, egg_info, bdist_wheel, test
[2.204s] DEBUG:colcon.colcon_core.event_handler.log_command:Invoking command in '/root/workspaces/turtlebot_delivery_norasheikhly/src/delivery_mission_controller': PYTHONPATH=/root/workspaces/turtlebot_delivery_norasheikhly/build/delivery_mission_controller/prefix_override:/usr/lib/python3/dist-packages/colcon_core/task/python/colcon_distutils_commands:/root/workspaces/turtlebot_delivery_norasheikhly/install/delivery_mission_controller/lib/python3.12/site-packages:/root/workspaces/turtlebot_delivery_norasheikhly/install/delivery_mission_interfaces/lib/python3.12/site-packages:/root/workspaces/turtlebot_delivery_norasheikhly/install/delivery_mission_controller/lib/python3.12/site-packages:/opt/ros/jazzy/lib/python3.12/site-packages /usr/bin/python3 -W ignore:setup.py install is deprecated -W ignore:easy_install command is deprecated setup.py egg_info --egg-base ../../build/delivery_mission_controller build --build-base /root/workspaces/turtlebot_delivery_norasheikhly/build/delivery_mission_controller/build install --record /root/workspaces/turtlebot_delivery_norasheikhly/build/delivery_mission_controller/install.log --install-scripts $base/lib/delivery_mission_controller --single-version-externally-managed install_data
[3.430s] DEBUG:colcon.colcon_core.event_handler.log_command:Invoked command in '/root/workspaces/turtlebot_delivery_norasheikhly/src/delivery_mission_controller' returned '0': PYTHONPATH=/root/workspaces/turtlebot_delivery_norasheikhly/build/delivery_mission_controller/prefix_override:/usr/lib/python3/dist-packages/colcon_core/task/python/colcon_distutils_commands:/root/workspaces/turtlebot_delivery_norasheikhly/install/delivery_mission_controller/lib/python3.12/site-packages:/root/workspaces/turtlebot_delivery_norasheikhly/install/delivery_mission_interfaces/lib/python3.12/site-packages:/root/workspaces/turtlebot_delivery_norasheikhly/install/delivery_mission_controller/lib/python3.12/site-packages:/opt/ros/jazzy/lib/python3.12/site-packages /usr/bin/python3 -W ignore:setup.py install is deprecated -W ignore:easy_install command is deprecated setup.py egg_info --egg-base ../../build/delivery_mission_controller build --build-base /root/workspaces/turtlebot_delivery_norasheikhly/build/delivery_mission_controller/build install --record /root/workspaces/turtlebot_delivery_norasheikhly/build/delivery_mission_controller/install.log --install-scripts $base/lib/delivery_mission_controller --single-version-externally-managed install_data
[3.433s] Level 1:colcon.colcon_core.environment:checking '/root/workspaces/turtlebot_delivery_norasheikhly/install/delivery_mission_controller' for CMake module files
[3.443s] Level 1:colcon.colcon_core.environment:checking '/root/workspaces/turtlebot_delivery_norasheikhly/install/delivery_mission_controller' for CMake config files
[3.463s] Level 1:colcon.colcon_core.environment:checking '/root/workspaces/turtlebot_delivery_norasheikhly/install/delivery_mission_controller/lib'
[3.465s] Level 1:colcon.colcon_core.environment:checking '/root/workspaces/turtlebot_delivery_norasheikhly/install/delivery_mission_controller/bin'
[3.478s] Level 1:colcon.colcon_core.environment:checking '/root/workspaces/turtlebot_delivery_norasheikhly/install/delivery_mission_controller/lib/pkgconfig/delivery_mission_controller.pc'
[3.484s] Level 1:colcon.colcon_core.environment:checking '/root/workspaces/turtlebot_delivery_norasheikhly/install/delivery_mission_controller/lib/python3.12/site-packages'
[3.488s] Level 1:colcon.colcon_core.shell:create_environment_hook('delivery_mission_controller', 'pythonpath')
[3.493s] INFO:colcon.colcon_core.shell:Creating environment hook '/root/workspaces/turtlebot_delivery_norasheikhly/install/delivery_mission_controller/share/delivery_mission_controller/hook/pythonpath.ps1'
[3.521s] INFO:colcon.colcon_core.shell:Creating environment descriptor '/root/workspaces/turtlebot_delivery_norasheikhly/install/delivery_mission_controller/share/delivery_mission_controller/hook/pythonpath.dsv'
[3.540s] INFO:colcon.colcon_core.shell:Creating environment hook '/root/workspaces/turtlebot_delivery_norasheikhly/install/delivery_mission_controller/share/delivery_mission_controller/hook/pythonpath.sh'
[3.558s] Level 1:colcon.colcon_core.environment:checking '/root/workspaces/turtlebot_delivery_norasheikhly/install/delivery_mission_controller/bin'
[3.559s] Level 1:colcon.colcon_core.environment:create_environment_scripts_only(delivery_mission_controller)
[3.564s] INFO:colcon.colcon_core.shell:Creating package script '/root/workspaces/turtlebot_delivery_norasheikhly/install/delivery_mission_controller/share/delivery_mission_controller/package.ps1'
[3.591s] INFO:colcon.colcon_core.shell:Creating package descriptor '/root/workspaces/turtlebot_delivery_norasheikhly/install/delivery_mission_controller/share/delivery_mission_controller/package.dsv'
[3.609s] INFO:colcon.colcon_core.shell:Creating package script '/root/workspaces/turtlebot_delivery_norasheikhly/install/delivery_mission_controller/share/delivery_mission_controller/package.sh'
[3.626s] INFO:colcon.colcon_core.shell:Creating package script '/root/workspaces/turtlebot_delivery_norasheikhly/install/delivery_mission_controller/share/delivery_mission_controller/package.bash'
[3.656s] INFO:colcon.colcon_core.shell:Creating package script '/root/workspaces/turtlebot_delivery_norasheikhly/install/delivery_mission_controller/share/delivery_mission_controller/package.zsh'
[3.673s] Level 1:colcon.colcon_core.environment:create_file_with_runtime_dependencies(/root/workspaces/turtlebot_delivery_norasheikhly/install/delivery_mission_controller/share/colcon-core/packages/delivery_mission_controller)
[3.689s] DEBUG:colcon.colcon_parallel_executor.executor.parallel:closing loop
[3.690s] DEBUG:colcon.colcon_parallel_executor.executor.parallel:loop closed
[3.694s] DEBUG:colcon.colcon_parallel_executor.executor.parallel:run_until_complete finished with '0'
[3.695s] DEBUG:colcon.colcon_core.event_reactor:joining thread
[3.723s] INFO:colcon.colcon_core.plugin_system:Skipping extension 'colcon_notification.desktop_notification.notify_send': Could not find 'notify-send'
[3.723s] INFO:colcon.colcon_core.plugin_system:Skipping extension 'colcon_notification.desktop_notification.terminal_notifier': Not used on non-Darwin systems
[3.728s] INFO:colcon.colcon_core.plugin_system:Skipping extension 'colcon_notification.desktop_notification.win32': Not used on non-Windows systems
[3.733s] INFO:colcon.colcon_notification.desktop_notification:Sending desktop notification using 'notify2'
[3.744s] DEBUG:colcon.colcon_notification.desktop_notification.notify2:Failed to initialize notify2: org.freedesktop.DBus.Error.Spawn.ExecFailed: /usr/bin/dbus-launch terminated abnormally without any error message
[3.744s] DEBUG:colcon.colcon_core.event_reactor:joined thread
[3.752s] INFO:colcon.colcon_core.shell:Creating prefix script '/root/workspaces/turtlebot_delivery_norasheikhly/install/local_setup.ps1'
[3.775s] INFO:colcon.colcon_core.shell:Creating prefix util module '/root/workspaces/turtlebot_delivery_norasheikhly/install/_local_setup_util_ps1.py'
[3.801s] INFO:colcon.colcon_core.shell:Creating prefix chain script '/root/workspaces/turtlebot_delivery_norasheikhly/install/setup.ps1'
[3.836s] INFO:colcon.colcon_core.shell:Creating prefix script '/root/workspaces/turtlebot_delivery_norasheikhly/install/local_setup.sh'
[3.858s] INFO:colcon.colcon_core.shell:Creating prefix util module '/root/workspaces/turtlebot_delivery_norasheikhly/install/_local_setup_util_sh.py'
[3.881s] INFO:colcon.colcon_core.shell:Creating prefix chain script '/root/workspaces/turtlebot_delivery_norasheikhly/install/setup.sh'
[3.918s] INFO:colcon.colcon_core.shell:Creating prefix script '/root/workspaces/turtlebot_delivery_norasheikhly/install/local_setup.bash'
[3.934s] INFO:colcon.colcon_core.shell:Creating prefix chain script '/root/workspaces/turtlebot_delivery_norasheikhly/install/setup.bash'
[3.968s] INFO:colcon.colcon_core.shell:Creating prefix script '/root/workspaces/turtlebot_delivery_norasheikhly/install/local_setup.zsh'
[3.988s] INFO:colcon.colcon_core.shell:Creating prefix chain script '/root/workspaces/turtlebot_delivery_norasheikhly/install/setup.zsh'
