[0.149s] DEBUG:colcon:Command line arguments: ['/usr/bin/colcon', 'build', '--packages-select', 'delivery_mission_interfaces']
[0.149s] DEBUG:colcon:Parsed command line arguments: Namespace(log_base=None, log_level=None, verb_name='build', build_base='build', install_base='install', merge_install=False, symlink_install=False, test_result_base=None, continue_on_error=False, executor='parallel', parallel_workers=4, event_handlers=None, ignore_user_meta=False, metas=['./colcon.meta'], base_paths=['.'], packages_ignore=None, packages_ignore_regex=None, paths=None, packages_up_to=None, packages_up_to_regex=None, packages_above=None, packages_above_and_dependencies=None, packages_above_depth=None, packages_select_by_dep=None, packages_skip_by_dep=None, packages_skip_up_to=None, packages_select_build_failed=False, packages_skip_build_finished=False, packages_select_test_failures=False, packages_skip_test_passed=False, packages_select=['delivery_mission_interfaces'], packages_skip=None, packages_select_regex=None, packages_skip_regex=None, packages_start=None, packages_end=None, allow_overriding=[], cmake_args=None, cmake_target=None, cmake_target_skip_unavailable=False, cmake_clean_cache=False, cmake_clean_first=False, cmake_force_configure=False, ament_cmake_args=None, catkin_cmake_args=None, catkin_skip_building_tests=False, verb_parser=<colcon_defaults.argument_parser.defaults.DefaultArgumentsDecorator object at 0x7fe985389100>, verb_extension=<colcon_core.verb.build.BuildVerb object at 0x7fe9854b1d60>, main=<bound method BuildVerb.main of <colcon_core.verb.build.BuildVerb object at 0x7fe9854b1d60>>)
[0.202s] Level 1:colcon.colcon_core.package_discovery:discover_packages(colcon_meta) check parameters
[0.202s] Level 1:colcon.colcon_core.package_discovery:discover_packages(recursive) check parameters
[0.207s] Level 1:colcon.colcon_core.package_discovery:discover_packages(ignore) check parameters
[0.211s] Level 1:colcon.colcon_core.package_discovery:discover_packages(path) check parameters
[0.216s] Level 1:colcon.colcon_core.package_discovery:discover_packages(colcon_meta) discover
[0.220s] Level 1:colcon.colcon_core.package_discovery:discover_packages(recursive) discover
[0.225s] INFO:colcon.colcon_core.package_discovery:Crawling recursively for packages in '/root/workspaces/turtlebot_delivery_norasheikhly'
[0.231s] Level 1:colcon.colcon_core.package_identification:_identify(.) by extensions ['ignore', 'ignore_ament_install']
[0.235s] Level 1:colcon.colcon_core.package_identification:_identify(.) by extension 'ignore'
[0.245s] Level 1:colcon.colcon_core.package_identification:_identify(.) by extension 'ignore_ament_install'
[0.250s] Level 1:colcon.colcon_core.package_identification:_identify(.) by extensions ['colcon_pkg']
[0.255s] Level 1:colcon.colcon_core.package_identification:_identify(.) by extension 'colcon_pkg'
[0.259s] Level 1:colcon.colcon_core.package_identification:_identify(.) by extensions ['colcon_meta']
[0.263s] Level 1:colcon.colcon_core.package_identification:_identify(.) by extension 'colcon_meta'
[0.268s] Level 1:colcon.colcon_core.package_identification:_identify(.) by extensions ['ros']
[0.272s] Level 1:colcon.colcon_core.package_identification:_identify(.) by extension 'ros'
[0.306s] Level 1:colcon.colcon_core.package_identification:_identify(.) by extensions ['cmake', 'python']
[0.307s] Level 1:colcon.colcon_core.package_identification:_identify(.) by extension 'cmake'
[0.311s] Level 1:colcon.colcon_core.package_identification:_identify(.) by extension 'python'
[0.316s] Level 1:colcon.colcon_core.package_identification:_identify(.) by extensions ['python_setup_py']
[0.320s] Level 1:colcon.colcon_core.package_identification:_identify(.) by extension 'python_setup_py'
[0.326s] Level 1:colcon.colcon_core.package_identification:_identify(build) by extensions ['ignore', 'ignore_ament_install']
[0.329s] Level 1:colcon.colcon_core.package_identification:_identify(build) by extension 'ignore'
[0.333s] Level 1:colcon.colcon_core.package_identification:_identify(build) ignored
[0.339s] Level 1:colcon.colcon_core.package_identification:_identify(install) by extensions ['ignore', 'ignore_ament_install']
[0.343s] Level 1:colcon.colcon_core.package_identification:_identify(install) by extension 'ignore'
[0.348s] Level 1:colcon.colcon_core.package_identification:_identify(install) ignored
[0.356s] Level 1:colcon.colcon_core.package_identification:_identify(log) by extensions ['ignore', 'ignore_ament_install']
[0.356s] Level 1:colcon.colcon_core.package_identification:_identify(log) by extension 'ignore'
[0.361s] Level 1:colcon.colcon_core.package_identification:_identify(log) ignored
[0.365s] Level 1:colcon.colcon_core.package_identification:_identify(src) by extensions ['ignore', 'ignore_ament_install']
[0.369s] Level 1:colcon.colcon_core.package_identification:_identify(src) by extension 'ignore'
[0.373s] Level 1:colcon.colcon_core.package_identification:_identify(src) by extension 'ignore_ament_install'
[0.378s] Level 1:colcon.colcon_core.package_identification:_identify(src) by extensions ['colcon_pkg']
[0.383s] Level 1:colcon.colcon_core.package_identification:_identify(src) by extension 'colcon_pkg'
[0.387s] Level 1:colcon.colcon_core.package_identification:_identify(src) by extensions ['colcon_meta']
[0.392s] Level 1:colcon.colcon_core.package_identification:_identify(src) by extension 'colcon_meta'
[0.397s] Level 1:colcon.colcon_core.package_identification:_identify(src) by extensions ['ros']
[0.401s] Level 1:colcon.colcon_core.package_identification:_identify(src) by extension 'ros'
[0.406s] Level 1:colcon.colcon_core.package_identification:_identify(src) by extensions ['cmake', 'python']
[0.411s] Level 1:colcon.colcon_core.package_identification:_identify(src) by extension 'cmake'
[0.415s] Level 1:colcon.colcon_core.package_identification:_identify(src) by extension 'python'
[0.419s] Level 1:colcon.colcon_core.package_identification:_identify(src) by extensions ['python_setup_py']
[0.423s] Level 1:colcon.colcon_core.package_identification:_identify(src) by extension 'python_setup_py'
[0.428s] Level 1:colcon.colcon_core.package_identification:_identify(src/delivery_mission_interfaces) by extensions ['ignore', 'ignore_ament_install']
[0.432s] Level 1:colcon.colcon_core.package_identification:_identify(src/delivery_mission_interfaces) by extension 'ignore'
[0.436s] Level 1:colcon.colcon_core.package_identification:_identify(src/delivery_mission_interfaces) by extension 'ignore_ament_install'
[0.441s] Level 1:colcon.colcon_core.package_identification:_identify(src/delivery_mission_interfaces) by extensions ['colcon_pkg']
[0.446s] Level 1:colcon.colcon_core.package_identification:_identify(src/delivery_mission_interfaces) by extension 'colcon_pkg'
[0.450s] Level 1:colcon.colcon_core.package_identification:_identify(src/delivery_mission_interfaces) by extensions ['colcon_meta']
[0.456s] Level 1:colcon.colcon_core.package_identification:_identify(src/delivery_mission_interfaces) by extension 'colcon_meta'
[0.460s] Level 1:colcon.colcon_core.package_identification:_identify(src/delivery_mission_interfaces) by extensions ['ros']
[0.464s] Level 1:colcon.colcon_core.package_identification:_identify(src/delivery_mission_interfaces) by extension 'ros'
[0.474s] DEBUG:colcon.colcon_core.package_identification:Package 'src/delivery_mission_interfaces' with type 'ros.ament_cmake' and name 'delivery_mission_interfaces'
[0.475s] Level 1:colcon.colcon_core.package_discovery:discover_packages(recursive) using defaults
[0.479s] Level 1:colcon.colcon_core.package_discovery:discover_packages(ignore) discover
[0.484s] Level 1:colcon.colcon_core.package_discovery:discover_packages(ignore) using defaults
[0.488s] Level 1:colcon.colcon_core.package_discovery:discover_packages(path) discover
[0.493s] Level 1:colcon.colcon_core.package_discovery:discover_packages(path) using defaults
[0.519s] Level 1:colcon.colcon_core.package_discovery:discover_packages(prefix_path) check parameters
[0.519s] Level 1:colcon.colcon_core.package_discovery:discover_packages(prefix_path) discover
[0.533s] DEBUG:colcon.colcon_installed_package_information.package_discovery:Found 4 installed packages in /root/workspaces/turtlebot_ws/install
[0.536s] DEBUG:colcon.colcon_installed_package_information.package_discovery:Found 455 installed packages in /opt/ros/jazzy
[0.539s] Level 1:colcon.colcon_core.package_discovery:discover_packages(prefix_path) using defaults
[0.618s] Level 5:colcon.colcon_core.verb:set package 'delivery_mission_interfaces' build argument 'cmake_args' from command line to 'None'
[0.618s] Level 5:colcon.colcon_core.verb:set package 'delivery_mission_interfaces' build argument 'cmake_target' from command line to 'None'
[0.624s] Level 5:colcon.colcon_core.verb:set package 'delivery_mission_interfaces' build argument 'cmake_target_skip_unavailable' from command line to 'False'
[0.628s] Level 5:colcon.colcon_core.verb:set package 'delivery_mission_interfaces' build argument 'cmake_clean_cache' from command line to 'False'
[0.633s] Level 5:colcon.colcon_core.verb:set package 'delivery_mission_interfaces' build argument 'cmake_clean_first' from command line to 'False'
[0.638s] Level 5:colcon.colcon_core.verb:set package 'delivery_mission_interfaces' build argument 'cmake_force_configure' from command line to 'False'
[0.643s] Level 5:colcon.colcon_core.verb:set package 'delivery_mission_interfaces' build argument 'ament_cmake_args' from command line to 'None'
[0.647s] Level 5:colcon.colcon_core.verb:set package 'delivery_mission_interfaces' build argument 'catkin_cmake_args' from command line to 'None'
[0.652s] Level 5:colcon.colcon_core.verb:set package 'delivery_mission_interfaces' build argument 'catkin_skip_building_tests' from command line to 'False'
[0.657s] DEBUG:colcon.colcon_core.verb:Building package 'delivery_mission_interfaces' with the following arguments: {'ament_cmake_args': None, 'build_base': '/root/workspaces/turtlebot_delivery_norasheikhly/build/delivery_mission_interfaces', 'catkin_cmake_args': None, 'catkin_skip_building_tests': False, 'cmake_args': None, 'cmake_clean_cache': False, 'cmake_clean_first': False, 'cmake_force_configure': False, 'cmake_target': None, 'cmake_target_skip_unavailable': False, 'install_base': '/root/workspaces/turtlebot_delivery_norasheikhly/install/delivery_mission_interfaces', 'merge_install': False, 'path': '/root/workspaces/turtlebot_delivery_norasheikhly/src/delivery_mission_interfaces', 'symlink_install': False, 'test_result_base': None}
[0.661s] INFO:colcon.colcon_core.executor:Executing jobs using 'parallel' executor
[0.667s] DEBUG:colcon.colcon_parallel_executor.executor.parallel:run_until_complete
[0.671s] INFO:colcon.colcon_ros.task.ament_cmake.build:Building ROS package in '/root/workspaces/turtlebot_delivery_norasheikhly/src/delivery_mission_interfaces' with build type 'ament_cmake'
[0.675s] INFO:colcon.colcon_cmake.task.cmake.build:Building CMake package in '/root/workspaces/turtlebot_delivery_norasheikhly/src/delivery_mission_interfaces'
[0.677s] INFO:colcon.colcon_core.plugin_system:Skipping extension 'colcon_core.shell.bat': Not used on non-Windows systems
[0.677s] INFO:colcon.colcon_core.shell:Skip shell extension 'powershell' for command environment: Not usable outside of PowerShell
[0.677s] DEBUG:colcon.colcon_core.shell:Skip shell extension 'dsv' for command environment
[0.793s] DEBUG:colcon.colcon_core.event_handler.log_command:Invoking command in '/root/workspaces/turtlebot_delivery_norasheikhly/build/delivery_mission_interfaces': CMAKE_PREFIX_PATH=${CMAKE_PREFIX_PATH}:/opt/ros/jazzy /usr/bin/cmake /root/workspaces/turtlebot_delivery_norasheikhly/src/delivery_mission_interfaces -DCMAKE_INSTALL_PREFIX=/root/workspaces/turtlebot_delivery_norasheikhly/install/delivery_mission_interfaces
[16.229s] DEBUG:colcon.colcon_core.event_handler.log_command:Invoked command in '/root/workspaces/turtlebot_delivery_norasheikhly/build/delivery_mission_interfaces' returned '0': CMAKE_PREFIX_PATH=${CMAKE_PREFIX_PATH}:/opt/ros/jazzy /usr/bin/cmake /root/workspaces/turtlebot_delivery_norasheikhly/src/delivery_mission_interfaces -DCMAKE_INSTALL_PREFIX=/root/workspaces/turtlebot_delivery_norasheikhly/install/delivery_mission_interfaces
[16.234s] DEBUG:colcon.colcon_core.event_handler.log_command:Invoking command in '/root/workspaces/turtlebot_delivery_norasheikhly/build/delivery_mission_interfaces': CMAKE_PREFIX_PATH=${CMAKE_PREFIX_PATH}:/opt/ros/jazzy /usr/bin/cmake --build /root/workspaces/turtlebot_delivery_norasheikhly/build/delivery_mission_interfaces -- -j4 -l4
[24.956s] DEBUG:colcon.colcon_core.event_handler.log_command:Invoked command in '/root/workspaces/turtlebot_delivery_norasheikhly/build/delivery_mission_interfaces' returned '0': CMAKE_PREFIX_PATH=${CMAKE_PREFIX_PATH}:/opt/ros/jazzy /usr/bin/cmake --build /root/workspaces/turtlebot_delivery_norasheikhly/build/delivery_mission_interfaces -- -j4 -l4
[24.984s] DEBUG:colcon.colcon_core.event_handler.log_command:Invoking command in '/root/workspaces/turtlebot_delivery_norasheikhly/build/delivery_mission_interfaces': CMAKE_PREFIX_PATH=${CMAKE_PREFIX_PATH}:/opt/ros/jazzy /usr/bin/cmake --install /root/workspaces/turtlebot_delivery_norasheikhly/build/delivery_mission_interfaces
[31.168s] Level 1:colcon.colcon_core.environment:create_environment_scripts_only(delivery_mission_interfaces)
[31.169s] DEBUG:colcon.colcon_core.event_handler.log_command:Invoked command in '/root/workspaces/turtlebot_delivery_norasheikhly/build/delivery_mission_interfaces' returned '0': CMAKE_PREFIX_PATH=${CMAKE_PREFIX_PATH}:/opt/ros/jazzy /usr/bin/cmake --install /root/workspaces/turtlebot_delivery_norasheikhly/build/delivery_mission_interfaces
[31.171s] Level 1:colcon.colcon_core.environment:checking '/root/workspaces/turtlebot_delivery_norasheikhly/install/delivery_mission_interfaces' for CMake module files
[31.187s] Level 1:colcon.colcon_core.environment:checking '/root/workspaces/turtlebot_delivery_norasheikhly/install/delivery_mission_interfaces' for CMake config files
[31.228s] Level 1:colcon.colcon_core.shell:create_environment_hook('delivery_mission_interfaces', 'cmake_prefix_path')
[31.228s] INFO:colcon.colcon_core.shell:Creating environment hook '/root/workspaces/turtlebot_delivery_norasheikhly/install/delivery_mission_interfaces/share/delivery_mission_interfaces/hook/cmake_prefix_path.ps1'
[31.246s] INFO:colcon.colcon_core.shell:Creating environment descriptor '/root/workspaces/turtlebot_delivery_norasheikhly/install/delivery_mission_interfaces/share/delivery_mission_interfaces/hook/cmake_prefix_path.dsv'
[31.261s] INFO:colcon.colcon_core.shell:Creating environment hook '/root/workspaces/turtlebot_delivery_norasheikhly/install/delivery_mission_interfaces/share/delivery_mission_interfaces/hook/cmake_prefix_path.sh'
[31.277s] Level 1:colcon.colcon_core.environment:checking '/root/workspaces/turtlebot_delivery_norasheikhly/install/delivery_mission_interfaces/lib'
[31.281s] Level 1:colcon.colcon_core.shell:create_environment_hook('delivery_mission_interfaces', 'ld_library_path_lib')
[31.281s] INFO:colcon.colcon_core.shell:Creating environment hook '/root/workspaces/turtlebot_delivery_norasheikhly/install/delivery_mission_interfaces/share/delivery_mission_interfaces/hook/ld_library_path_lib.ps1'
[31.302s] INFO:colcon.colcon_core.shell:Creating environment descriptor '/root/workspaces/turtlebot_delivery_norasheikhly/install/delivery_mission_interfaces/share/delivery_mission_interfaces/hook/ld_library_path_lib.dsv'
[31.317s] INFO:colcon.colcon_core.shell:Creating environment hook '/root/workspaces/turtlebot_delivery_norasheikhly/install/delivery_mission_interfaces/share/delivery_mission_interfaces/hook/ld_library_path_lib.sh'
[31.330s] Level 1:colcon.colcon_core.environment:checking '/root/workspaces/turtlebot_delivery_norasheikhly/install/delivery_mission_interfaces/bin'
[31.331s] Level 1:colcon.colcon_core.environment:checking '/root/workspaces/turtlebot_delivery_norasheikhly/install/delivery_mission_interfaces/lib/pkgconfig/delivery_mission_interfaces.pc'
[31.337s] Level 1:colcon.colcon_core.environment:checking '/root/workspaces/turtlebot_delivery_norasheikhly/install/delivery_mission_interfaces/lib/python3.12/site-packages'
[31.340s] Level 1:colcon.colcon_core.shell:create_environment_hook('delivery_mission_interfaces', 'pythonpath')
[31.344s] INFO:colcon.colcon_core.shell:Creating environment hook '/root/workspaces/turtlebot_delivery_norasheikhly/install/delivery_mission_interfaces/share/delivery_mission_interfaces/hook/pythonpath.ps1'
[31.363s] INFO:colcon.colcon_core.shell:Creating environment descriptor '/root/workspaces/turtlebot_delivery_norasheikhly/install/delivery_mission_interfaces/share/delivery_mission_interfaces/hook/pythonpath.dsv'
[31.377s] INFO:colcon.colcon_core.shell:Creating environment hook '/root/workspaces/turtlebot_delivery_norasheikhly/install/delivery_mission_interfaces/share/delivery_mission_interfaces/hook/pythonpath.sh'
[31.392s] Level 1:colcon.colcon_core.environment:checking '/root/workspaces/turtlebot_delivery_norasheikhly/install/delivery_mission_interfaces/bin'
[31.392s] INFO:colcon.colcon_core.shell:Creating package script '/root/workspaces/turtlebot_delivery_norasheikhly/install/delivery_mission_interfaces/share/delivery_mission_interfaces/package.ps1'
[31.414s] INFO:colcon.colcon_core.shell:Creating package descriptor '/root/workspaces/turtlebot_delivery_norasheikhly/install/delivery_mission_interfaces/share/delivery_mission_interfaces/package.dsv'
[31.430s] INFO:colcon.colcon_core.shell:Creating package script '/root/workspaces/turtlebot_delivery_norasheikhly/install/delivery_mission_interfaces/share/delivery_mission_interfaces/package.sh'
[31.446s] INFO:colcon.colcon_core.shell:Creating package script '/root/workspaces/turtlebot_delivery_norasheikhly/install/delivery_mission_interfaces/share/delivery_mission_interfaces/package.bash'
[31.461s] INFO:colcon.colcon_core.shell:Creating package script '/root/workspaces/turtlebot_delivery_norasheikhly/install/delivery_mission_interfaces/share/delivery_mission_interfaces/package.zsh'
[31.477s] Level 1:colcon.colcon_core.environment:create_file_with_runtime_dependencies(/root/workspaces/turtlebot_delivery_norasheikhly/install/delivery_mission_interfaces/share/colcon-core/packages/delivery_mission_interfaces)
[31.495s] Level 1:colcon.colcon_core.environment:create_environment_scripts_only(delivery_mission_interfaces)
[31.495s] Level 1:colcon.colcon_core.environment:checking '/root/workspaces/turtlebot_delivery_norasheikhly/install/delivery_mission_interfaces' for CMake module files
[31.505s] Level 1:colcon.colcon_core.environment:checking '/root/workspaces/turtlebot_delivery_norasheikhly/install/delivery_mission_interfaces' for CMake config files
[31.516s] Level 1:colcon.colcon_core.shell:create_environment_hook('delivery_mission_interfaces', 'cmake_prefix_path')
[31.516s] INFO:colcon.colcon_core.shell:Creating environment hook '/root/workspaces/turtlebot_delivery_norasheikhly/install/delivery_mission_interfaces/share/delivery_mission_interfaces/hook/cmake_prefix_path.ps1'
[31.537s] INFO:colcon.colcon_core.shell:Creating environment descriptor '/root/workspaces/turtlebot_delivery_norasheikhly/install/delivery_mission_interfaces/share/delivery_mission_interfaces/hook/cmake_prefix_path.dsv'
[31.552s] INFO:colcon.colcon_core.shell:Creating environment hook '/root/workspaces/turtlebot_delivery_norasheikhly/install/delivery_mission_interfaces/share/delivery_mission_interfaces/hook/cmake_prefix_path.sh'
[31.569s] Level 1:colcon.colcon_core.environment:checking '/root/workspaces/turtlebot_delivery_norasheikhly/install/delivery_mission_interfaces/lib'
[31.569s] Level 1:colcon.colcon_core.shell:create_environment_hook('delivery_mission_interfaces', 'ld_library_path_lib')
[31.575s] INFO:colcon.colcon_core.shell:Creating environment hook '/root/workspaces/turtlebot_delivery_norasheikhly/install/delivery_mission_interfaces/share/delivery_mission_interfaces/hook/ld_library_path_lib.ps1'
[31.595s] INFO:colcon.colcon_core.shell:Creating environment descriptor '/root/workspaces/turtlebot_delivery_norasheikhly/install/delivery_mission_interfaces/share/delivery_mission_interfaces/hook/ld_library_path_lib.dsv'
[31.609s] INFO:colcon.colcon_core.shell:Creating environment hook '/root/workspaces/turtlebot_delivery_norasheikhly/install/delivery_mission_interfaces/share/delivery_mission_interfaces/hook/ld_library_path_lib.sh'
[31.626s] Level 1:colcon.colcon_core.environment:checking '/root/workspaces/turtlebot_delivery_norasheikhly/install/delivery_mission_interfaces/bin'
[31.626s] Level 1:colcon.colcon_core.environment:checking '/root/workspaces/turtlebot_delivery_norasheikhly/install/delivery_mission_interfaces/lib/pkgconfig/delivery_mission_interfaces.pc'
[31.626s] Level 1:colcon.colcon_core.environment:checking '/root/workspaces/turtlebot_delivery_norasheikhly/install/delivery_mission_interfaces/lib/python3.12/site-packages'
[31.627s] Level 1:colcon.colcon_core.shell:create_environment_hook('delivery_mission_interfaces', 'pythonpath')
[31.627s] INFO:colcon.colcon_core.shell:Creating environment hook '/root/workspaces/turtlebot_delivery_norasheikhly/install/delivery_mission_interfaces/share/delivery_mission_interfaces/hook/pythonpath.ps1'
[31.641s] INFO:colcon.colcon_core.shell:Creating environment descriptor '/root/workspaces/turtlebot_delivery_norasheikhly/install/delivery_mission_interfaces/share/delivery_mission_interfaces/hook/pythonpath.dsv'
[31.656s] INFO:colcon.colcon_core.shell:Creating environment hook '/root/workspaces/turtlebot_delivery_norasheikhly/install/delivery_mission_interfaces/share/delivery_mission_interfaces/hook/pythonpath.sh'
[31.670s] Level 1:colcon.colcon_core.environment:checking '/root/workspaces/turtlebot_delivery_norasheikhly/install/delivery_mission_interfaces/bin'
[31.671s] INFO:colcon.colcon_core.shell:Creating package script '/root/workspaces/turtlebot_delivery_norasheikhly/install/delivery_mission_interfaces/share/delivery_mission_interfaces/package.ps1'
[31.690s] INFO:colcon.colcon_core.shell:Creating package descriptor '/root/workspaces/turtlebot_delivery_norasheikhly/install/delivery_mission_interfaces/share/delivery_mission_interfaces/package.dsv'
[31.705s] INFO:colcon.colcon_core.shell:Creating package script '/root/workspaces/turtlebot_delivery_norasheikhly/install/delivery_mission_interfaces/share/delivery_mission_interfaces/package.sh'
[31.721s] INFO:colcon.colcon_core.shell:Creating package script '/root/workspaces/turtlebot_delivery_norasheikhly/install/delivery_mission_interfaces/share/delivery_mission_interfaces/package.bash'
[31.736s] INFO:colcon.colcon_core.shell:Creating package script '/root/workspaces/turtlebot_delivery_norasheikhly/install/delivery_mission_interfaces/share/delivery_mission_interfaces/package.zsh'
[31.750s] Level 1:colcon.colcon_core.environment:create_file_with_runtime_dependencies(/root/workspaces/turtlebot_delivery_norasheikhly/install/delivery_mission_interfaces/share/colcon-core/packages/delivery_mission_interfaces)
[31.765s] DEBUG:colcon.colcon_parallel_executor.executor.parallel:closing loop
[31.766s] DEBUG:colcon.colcon_parallel_executor.executor.parallel:loop closed
[31.770s] DEBUG:colcon.colcon_parallel_executor.executor.parallel:run_until_complete finished with '0'
[31.770s] DEBUG:colcon.colcon_core.event_reactor:joining thread
[31.803s] INFO:colcon.colcon_core.plugin_system:Skipping extension 'colcon_notification.desktop_notification.notify_send': Could not find 'notify-send'
[31.804s] INFO:colcon.colcon_core.plugin_system:Skipping extension 'colcon_notification.desktop_notification.terminal_notifier': Not used on non-Darwin systems
[31.808s] INFO:colcon.colcon_core.plugin_system:Skipping extension 'colcon_notification.desktop_notification.win32': Not used on non-Windows systems
[31.812s] INFO:colcon.colcon_notification.desktop_notification:Sending desktop notification using 'notify2'
[31.824s] DEBUG:colcon.colcon_notification.desktop_notification.notify2:Failed to initialize notify2: org.freedesktop.DBus.Error.Spawn.ExecFailed: /usr/bin/dbus-launch terminated abnormally without any error message
[31.824s] DEBUG:colcon.colcon_core.event_reactor:joined thread
[31.829s] INFO:colcon.colcon_core.shell:Creating prefix script '/root/workspaces/turtlebot_delivery_norasheikhly/install/local_setup.ps1'
[31.852s] INFO:colcon.colcon_core.shell:Creating prefix util module '/root/workspaces/turtlebot_delivery_norasheikhly/install/_local_setup_util_ps1.py'
[31.872s] INFO:colcon.colcon_core.shell:Creating prefix chain script '/root/workspaces/turtlebot_delivery_norasheikhly/install/setup.ps1'
[31.893s] INFO:colcon.colcon_core.shell:Creating prefix script '/root/workspaces/turtlebot_delivery_norasheikhly/install/local_setup.sh'
[31.917s] INFO:colcon.colcon_core.shell:Creating prefix util module '/root/workspaces/turtlebot_delivery_norasheikhly/install/_local_setup_util_sh.py'
[31.936s] INFO:colcon.colcon_core.shell:Creating prefix chain script '/root/workspaces/turtlebot_delivery_norasheikhly/install/setup.sh'
[31.960s] INFO:colcon.colcon_core.shell:Creating prefix script '/root/workspaces/turtlebot_delivery_norasheikhly/install/local_setup.bash'
[31.977s] INFO:colcon.colcon_core.shell:Creating prefix chain script '/root/workspaces/turtlebot_delivery_norasheikhly/install/setup.bash'
[31.998s] INFO:colcon.colcon_core.shell:Creating prefix script '/root/workspaces/turtlebot_delivery_norasheikhly/install/local_setup.zsh'
[32.017s] INFO:colcon.colcon_core.shell:Creating prefix chain script '/root/workspaces/turtlebot_delivery_norasheikhly/install/setup.zsh'
