-- Install configuration: ""
-- Up-to-date: /root/workspaces/amcl-localization-norasheikhly/install/robot_localization/share/robot_localization/launch
-- Up-to-date: /root/workspaces/amcl-localization-norasheikhly/install/robot_localization/share/robot_localization/launch/amcl.launch.py
-- Up-to-date: /root/workspaces/amcl-localization-norasheikhly/install/robot_localization/share/robot_localization/config
-- Up-to-date: /root/workspaces/amcl-localization-norasheikhly/install/robot_localization/share/robot_localization/config/amcl.yaml
-- Up-to-date: /root/workspaces/amcl-localization-norasheikhly/install/robot_localization/share/robot_localization/map
-- Up-to-date: /root/workspaces/amcl-localization-norasheikhly/install/robot_localization/share/robot_localization/map/turtlebot3_world_map.pgm
-- Up-to-date: /root/workspaces/amcl-localization-norasheikhly/install/robot_localization/share/robot_localization/map/turtlebot3_world_map.yaml
-- Up-to-date: /root/workspaces/amcl-localization-norasheikhly/install/robot_localization/share/ament_index/resource_index/package_run_dependencies/robot_localization
-- Up-to-date: /root/workspaces/amcl-localization-norasheikhly/install/robot_localization/share/ament_index/resource_index/parent_prefix_path/robot_localization
-- Up-to-date: /root/workspaces/amcl-localization-norasheikhly/install/robot_localization/share/robot_localization/environment/ament_prefix_path.sh
-- Up-to-date: /root/workspaces/amcl-localization-norasheikhly/install/robot_localization/share/robot_localization/environment/ament_prefix_path.dsv
-- Up-to-date: /root/workspaces/amcl-localization-norasheikhly/install/robot_localization/share/robot_localization/environment/path.sh
-- Up-to-date: /root/workspaces/amcl-localization-norasheikhly/install/robot_localization/share/robot_localization/environment/path.dsv
-- Up-to-date: /root/workspaces/amcl-localization-norasheikhly/install/robot_localization/share/robot_localization/local_setup.bash
-- Up-to-date: /root/workspaces/amcl-localization-norasheikhly/install/robot_localization/share/robot_localization/local_setup.sh
-- Up-to-date: /root/workspaces/amcl-localization-norasheikhly/install/robot_localization/share/robot_localization/local_setup.zsh
-- Up-to-date: /root/workspaces/amcl-localization-norasheikhly/install/robot_localization/share/robot_localization/local_setup.dsv
-- Installing: /root/workspaces/amcl-localization-norasheikhly/install/robot_localization/share/robot_localization/package.dsv
-- Up-to-date: /root/workspaces/amcl-localization-norasheikhly/install/robot_localization/share/ament_index/resource_index/packages/robot_localization
-- Up-to-date: /root/workspaces/amcl-localization-norasheikhly/install/robot_localization/share/robot_localization/cmake/robot_localizationConfig.cmake
-- Up-to-date: /root/workspaces/amcl-localization-norasheikhly/install/robot_localization/share/robot_localization/cmake/robot_localizationConfig-version.cmake
-- Up-to-date: /root/workspaces/amcl-localization-norasheikhly/install/robot_localization/share/robot_localization/package.xml
