[0.121s] Invoking command in '/root/workspaces/amcl-localization-norasheikhly/build/robot_localization': CMAKE_PREFIX_PATH=${CMAKE_PREFIX_PATH}:/opt/ros/jazzy /usr/bin/cmake --build /root/workspaces/amcl-localization-norasheikhly/build/robot_localization -- -j4 -l4
[0.214s] Invoked command in '/root/workspaces/amcl-localization-norasheikhly/build/robot_localization' returned '0': CMAKE_PREFIX_PATH=${CMAKE_PREFIX_PATH}:/opt/ros/jazzy /usr/bin/cmake --build /root/workspaces/amcl-localization-norasheikhly/build/robot_localization -- -j4 -l4
[0.246s] Invoking command in '/root/workspaces/amcl-localization-norasheikhly/build/robot_localization': CMAKE_PREFIX_PATH=${CMAKE_PREFIX_PATH}:/opt/ros/jazzy /usr/bin/cmake --install /root/workspaces/amcl-localization-norasheikhly/build/robot_localization
[0.275s] -- Install configuration: ""
[0.287s] -- Up-to-date: /root/workspaces/amcl-localization-norasheikhly/install/robot_localization/share/robot_localization/launch
[0.308s] -- Up-to-date: /root/workspaces/amcl-localization-norasheikhly/install/robot_localization/share/robot_localization/launch/amcl.launch.py
[0.319s] -- Up-to-date: /root/workspaces/amcl-localization-norasheikhly/install/robot_localization/share/robot_localization/config
[0.324s] -- Up-to-date: /root/workspaces/amcl-localization-norasheikhly/install/robot_localization/share/robot_localization/config/amcl.yaml
[0.341s] -- Up-to-date: /root/workspaces/amcl-localization-norasheikhly/install/robot_localization/share/robot_localization/map
[0.357s] -- Up-to-date: /root/workspaces/amcl-localization-norasheikhly/install/robot_localization/share/robot_localization/map/turtlebot3_world_map.pgm
[0.366s] -- Up-to-date: /root/workspaces/amcl-localization-norasheikhly/install/robot_localization/share/robot_localization/map/turtlebot3_world_map.yaml
[0.378s] -- Up-to-date: /root/workspaces/amcl-localization-norasheikhly/install/robot_localization/share/ament_index/resource_index/package_run_dependencies/robot_localization
[0.390s] -- Up-to-date: /root/workspaces/amcl-localization-norasheikhly/install/robot_localization/share/ament_index/resource_index/parent_prefix_path/robot_localization
[0.394s] -- Up-to-date: /root/workspaces/amcl-localization-norasheikhly/install/robot_localization/share/robot_localization/environment/ament_prefix_path.sh
[0.411s] -- Up-to-date: /root/workspaces/amcl-localization-norasheikhly/install/robot_localization/share/robot_localization/environment/ament_prefix_path.dsv
[0.427s] -- Up-to-date: /root/workspaces/amcl-localization-norasheikhly/install/robot_localization/share/robot_localization/environment/path.sh
[0.444s] -- Up-to-date: /root/workspaces/amcl-localization-norasheikhly/install/robot_localization/share/robot_localization/environment/path.dsv
[0.464s] -- Up-to-date: /root/workspaces/amcl-localization-norasheikhly/install/robot_localization/share/robot_localization/local_setup.bash
[0.479s] -- Up-to-date: /root/workspaces/amcl-localization-norasheikhly/install/robot_localization/share/robot_localization/local_setup.sh
[0.495s] -- Up-to-date: /root/workspaces/amcl-localization-norasheikhly/install/robot_localization/share/robot_localization/local_setup.zsh
[0.511s] -- Up-to-date: /root/workspaces/amcl-localization-norasheikhly/install/robot_localization/share/robot_localization/local_setup.dsv
[0.526s] -- Installing: /root/workspaces/amcl-localization-norasheikhly/install/robot_localization/share/robot_localization/package.dsv
[0.527s] -- Up-to-date: /root/workspaces/amcl-localization-norasheikhly/install/robot_localization/share/ament_index/resource_index/packages/robot_localization
[0.548s] -- Up-to-date: /root/workspaces/amcl-localization-norasheikhly/install/robot_localization/share/robot_localization/cmake/robot_localizationConfig.cmake
[0.548s] -- Up-to-date: /root/workspaces/amcl-localization-norasheikhly/install/robot_localization/share/robot_localization/cmake/robot_localizationConfig-version.cmake
[0.548s] -- Up-to-date: /root/workspaces/amcl-localization-norasheikhly/install/robot_localization/share/robot_localization/package.xml
[0.548s] Invoked command in '/root/workspaces/amcl-localization-norasheikhly/build/robot_localization' returned '0': CMAKE_PREFIX_PATH=${CMAKE_PREFIX_PATH}:/opt/ros/jazzy /usr/bin/cmake --install /root/workspaces/amcl-localization-norasheikhly/build/robot_localization
