running egg_info
creating ../../build/delivery_mission_controller/delivery_mission_controller.egg-info
writing ../../build/delivery_mission_controller/delivery_mission_controller.egg-info/PKG-INFO
writing dependency_links to ../../build/delivery_mission_controller/delivery_mission_controller.egg-info/dependency_links.txt
writing entry points to ../../build/delivery_mission_controller/delivery_mission_controller.egg-info/entry_points.txt
writing requirements to ../../build/delivery_mission_controller/delivery_mission_controller.egg-info/requires.txt
writing top-level names to ../../build/delivery_mission_controller/delivery_mission_controller.egg-info/top_level.txt
writing manifest file '../../build/delivery_mission_controller/delivery_mission_controller.egg-info/SOURCES.txt'
reading manifest file '../../build/delivery_mission_controller/delivery_mission_controller.egg-info/SOURCES.txt'
writing manifest file '../../build/delivery_mission_controller/delivery_mission_controller.egg-info/SOURCES.txt'
running build
running build_py
creating /root/workspaces/turtlebot_delivery_norasheikhly/build/delivery_mission_controller/build
creating /root/workspaces/turtlebot_delivery_norasheikhly/build/delivery_mission_controller/build/lib
creating /root/workspaces/turtlebot_delivery_norasheikhly/build/delivery_mission_controller/build/lib/delivery_mission_controller
copying delivery_mission_controller/__init__.py -> /root/workspaces/turtlebot_delivery_norasheikhly/build/delivery_mission_controller/build/lib/delivery_mission_controller
copying delivery_mission_controller/delivery_mission_server_node.py -> /root/workspaces/turtlebot_delivery_norasheikhly/build/delivery_mission_controller/build/lib/delivery_mission_controller
running install
running install_lib
creating /root/workspaces/turtlebot_delivery_norasheikhly/install/delivery_mission_controller/lib/python3.12/site-packages/delivery_mission_controller
copying /root/workspaces/turtlebot_delivery_norasheikhly/build/delivery_mission_controller/build/lib/delivery_mission_controller/__init__.py -> /root/workspaces/turtlebot_delivery_norasheikhly/install/delivery_mission_controller/lib/python3.12/site-packages/delivery_mission_controller
copying /root/workspaces/turtlebot_delivery_norasheikhly/build/delivery_mission_controller/build/lib/delivery_mission_controller/delivery_mission_server_node.py -> /root/workspaces/turtlebot_delivery_norasheikhly/install/delivery_mission_controller/lib/python3.12/site-packages/delivery_mission_controller
byte-compiling /root/workspaces/turtlebot_delivery_norasheikhly/install/delivery_mission_controller/lib/python3.12/site-packages/delivery_mission_controller/__init__.py to __init__.cpython-312.pyc
byte-compiling /root/workspaces/turtlebot_delivery_norasheikhly/install/delivery_mission_controller/lib/python3.12/site-packages/delivery_mission_controller/delivery_mission_server_node.py to delivery_mission_server_node.cpython-312.pyc
running install_data
creating /root/workspaces/turtlebot_delivery_norasheikhly/install/delivery_mission_controller/share/ament_index
creating /root/workspaces/turtlebot_delivery_norasheikhly/install/delivery_mission_controller/share/ament_index/resource_index
creating /root/workspaces/turtlebot_delivery_norasheikhly/install/delivery_mission_controller/share/ament_index/resource_index/packages
copying resource/delivery_mission_controller -> /root/workspaces/turtlebot_delivery_norasheikhly/install/delivery_mission_controller/share/ament_index/resource_index/packages
copying package.xml -> /root/workspaces/turtlebot_delivery_norasheikhly/install/delivery_mission_controller/share/delivery_mission_controller
running install_egg_info
Copying ../../build/delivery_mission_controller/delivery_mission_controller.egg-info to /root/workspaces/turtlebot_delivery_norasheikhly/install/delivery_mission_controller/lib/python3.12/site-packages/delivery_mission_controller-0.0.0-py3.12.egg-info
running install_scripts
Installing delivery_mission_server script to /root/workspaces/turtlebot_delivery_norasheikhly/install/delivery_mission_controller/lib/delivery_mission_controller
writing list of installed files to '/root/workspaces/turtlebot_delivery_norasheikhly/build/delivery_mission_controller/install.log'
