[0.179s] Invoking command in '/root/workspaces/amcl-localization-norasheikhly/build/robot_localization': CMAKE_PREFIX_PATH=${CMAKE_PREFIX_PATH}:/opt/ros/jazzy /usr/bin/cmake /root/workspaces/amcl-localization-norasheikhly/src/robot_localization -DCMAKE_INSTALL_PREFIX=/root/workspaces/amcl-localization-norasheikhly/install/robot_localization
[0.434s] -- The C compiler identification is GNU 13.3.0
[0.680s] -- The CXX compiler identification is GNU 13.3.0
[0.756s] -- Detecting C compiler ABI info
[1.649s] -- Detecting C compiler ABI info - done
[1.664s] -- Check for working C compiler: /usr/bin/cc - skipped
[1.668s] -- Detecting C compile features
[1.668s] -- Detecting C compile features - done
[1.728s] -- Detecting CXX compiler ABI info
[2.502s] -- Detecting CXX compiler ABI info - done
[2.515s] -- Check for working CXX compiler: /usr/bin/c++ - skipped
[2.518s] -- Detecting CXX compile features
[2.518s] -- Detecting CXX compile features - done
[2.597s] -- Found ament_cmake: 2.5.6 (/opt/ros/jazzy/share/ament_cmake/cmake)
[2.755s] -- Found Python3: /usr/bin/python3 (found version "3.12.3") found components: Interpreter 
[3.148s] -- Found ament_lint_auto: 0.17.5 (/opt/ros/jazzy/share/ament_lint_auto/cmake)
[3.622s] -- Added test 'flake8' to check Python code syntax and style conventions
[3.634s] -- Configured 'flake8' exclude dirs and/or files: 
[3.647s] -- Added test 'lint_cmake' to check CMake code style
[3.655s] -- Added test 'pep257' to check Python code against some of the docstring style conventions in PEP 257
[3.699s] -- Added test 'xmllint' to check XML markup files
[3.864s] -- Configuring done (3.7s)
[4.430s] -- Generating done (0.5s)
[4.683s] -- Build files have been written to: /root/workspaces/amcl-localization-norasheikhly/build/robot_localization
[4.688s] Invoked command in '/root/workspaces/amcl-localization-norasheikhly/build/robot_localization' returned '0': CMAKE_PREFIX_PATH=${CMAKE_PREFIX_PATH}:/opt/ros/jazzy /usr/bin/cmake /root/workspaces/amcl-localization-norasheikhly/src/robot_localization -DCMAKE_INSTALL_PREFIX=/root/workspaces/amcl-localization-norasheikhly/install/robot_localization
[4.691s] Invoking command in '/root/workspaces/amcl-localization-norasheikhly/build/robot_localization': CMAKE_PREFIX_PATH=${CMAKE_PREFIX_PATH}:/opt/ros/jazzy /usr/bin/cmake --build /root/workspaces/amcl-localization-norasheikhly/build/robot_localization -- -j4 -l4
[4.757s] Invoked command in '/root/workspaces/amcl-localization-norasheikhly/build/robot_localization' returned '0': CMAKE_PREFIX_PATH=${CMAKE_PREFIX_PATH}:/opt/ros/jazzy /usr/bin/cmake --build /root/workspaces/amcl-localization-norasheikhly/build/robot_localization -- -j4 -l4
[4.783s] Invoking command in '/root/workspaces/amcl-localization-norasheikhly/build/robot_localization': CMAKE_PREFIX_PATH=${CMAKE_PREFIX_PATH}:/opt/ros/jazzy /usr/bin/cmake --install /root/workspaces/amcl-localization-norasheikhly/build/robot_localization
[4.791s] -- Install configuration: ""
[4.795s] -- Installing: /root/workspaces/amcl-localization-norasheikhly/install/robot_localization/share/robot_localization/launch
[4.824s] -- Installing: /root/workspaces/amcl-localization-norasheikhly/install/robot_localization/share/robot_localization/launch/amcl.launch.py
[4.866s] -- Installing: /root/workspaces/amcl-localization-norasheikhly/install/robot_localization/share/robot_localization/config
[4.886s] -- Installing: /root/workspaces/amcl-localization-norasheikhly/install/robot_localization/share/robot_localization/config/amcl.yaml
[4.925s] -- Installing: /root/workspaces/amcl-localization-norasheikhly/install/robot_localization/share/robot_localization/map
[4.942s] -- Installing: /root/workspaces/amcl-localization-norasheikhly/install/robot_localization/share/robot_localization/map/turtlebot3_world_map.pgm
[4.977s] -- Installing: /root/workspaces/amcl-localization-norasheikhly/install/robot_localization/share/robot_localization/map/turtlebot3_world_map.yaml
[5.036s] -- Installing: /root/workspaces/amcl-localization-norasheikhly/install/robot_localization/share/ament_index/resource_index/package_run_dependencies/robot_localization
[5.090s] -- Installing: /root/workspaces/amcl-localization-norasheikhly/install/robot_localization/share/ament_index/resource_index/parent_prefix_path/robot_localization
[5.138s] -- Installing: /root/workspaces/amcl-localization-norasheikhly/install/robot_localization/share/robot_localization/environment/ament_prefix_path.sh
[5.175s] -- Installing: /root/workspaces/amcl-localization-norasheikhly/install/robot_localization/share/robot_localization/environment/ament_prefix_path.dsv
[5.218s] -- Installing: /root/workspaces/amcl-localization-norasheikhly/install/robot_localization/share/robot_localization/environment/path.sh
[5.256s] -- Installing: /root/workspaces/amcl-localization-norasheikhly/install/robot_localization/share/robot_localization/environment/path.dsv
[5.306s] -- Installing: /root/workspaces/amcl-localization-norasheikhly/install/robot_localization/share/robot_localization/local_setup.bash
[5.349s] -- Installing: /root/workspaces/amcl-localization-norasheikhly/install/robot_localization/share/robot_localization/local_setup.sh
[5.400s] -- Installing: /root/workspaces/amcl-localization-norasheikhly/install/robot_localization/share/robot_localization/local_setup.zsh
[5.439s] -- Installing: /root/workspaces/amcl-localization-norasheikhly/install/robot_localization/share/robot_localization/local_setup.dsv
[5.480s] -- Installing: /root/workspaces/amcl-localization-norasheikhly/install/robot_localization/share/robot_localization/package.dsv
[5.530s] -- Installing: /root/workspaces/amcl-localization-norasheikhly/install/robot_localization/share/ament_index/resource_index/packages/robot_localization
[5.577s] -- Installing: /root/workspaces/amcl-localization-norasheikhly/install/robot_localization/share/robot_localization/cmake/robot_localizationConfig.cmake
[5.619s] -- Installing: /root/workspaces/amcl-localization-norasheikhly/install/robot_localization/share/robot_localization/cmake/robot_localizationConfig-version.cmake
[5.663s] -- Installing: /root/workspaces/amcl-localization-norasheikhly/install/robot_localization/share/robot_localization/package.xml
[5.712s] Invoked command in '/root/workspaces/amcl-localization-norasheikhly/build/robot_localization' returned '0': CMAKE_PREFIX_PATH=${CMAKE_PREFIX_PATH}:/opt/ros/jazzy /usr/bin/cmake --install /root/workspaces/amcl-localization-norasheikhly/build/robot_localization
