[0.172s] DEBUG:colcon:Command line arguments: ['/usr/bin/colcon', 'build', '--packages-select', 'delivery_mission_controller']
[0.172s] DEBUG:colcon:Parsed command line arguments: Namespace(log_base=None, log_level=None, verb_name='build', build_base='build', install_base='install', merge_install=False, symlink_install=False, test_result_base=None, continue_on_error=False, executor='parallel', parallel_workers=4, event_handlers=None, ignore_user_meta=False, metas=['./colcon.meta'], base_paths=['.'], packages_ignore=None, packages_ignore_regex=None, paths=None, packages_up_to=None, packages_up_to_regex=None, packages_above=None, packages_above_and_dependencies=None, packages_above_depth=None, packages_select_by_dep=None, packages_skip_by_dep=None, packages_skip_up_to=None, packages_select_build_failed=False, packages_skip_build_finished=False, packages_select_test_failures=False, packages_skip_test_passed=False, packages_select=['delivery_mission_controller'], packages_skip=None, packages_select_regex=None, packages_skip_regex=None, packages_start=None, packages_end=None, allow_overriding=[], cmake_args=None, cmake_target=None, cmake_target_skip_unavailable=False, cmake_clean_cache=False, cmake_clean_first=False, cmake_force_configure=False, ament_cmake_args=None, catkin_cmake_args=None, catkin_skip_building_tests=False, verb_parser=<colcon_defaults.argument_parser.defaults.DefaultArgumentsDecorator object at 0x7f6bbd5996d0>, verb_extension=<colcon_core.verb.build.BuildVerb object at 0x7f6bbd79b3b0>, main=<bound method BuildVerb.main of <colcon_core.verb.build.BuildVerb object at 0x7f6bbd79b3b0>>)
[0.238s] Level 1:colcon.colcon_core.package_discovery:discover_packages(colcon_meta) check parameters
[0.238s] Level 1:colcon.colcon_core.package_discovery:discover_packages(recursive) check parameters
[0.244s] Level 1:colcon.colcon_core.package_discovery:discover_packages(ignore) check parameters
[0.248s] Level 1:colcon.colcon_core.package_discovery:discover_packages(path) check parameters
[0.253s] Level 1:colcon.colcon_core.package_discovery:discover_packages(colcon_meta) discover
[0.260s] Level 1:colcon.colcon_core.package_discovery:discover_packages(recursive) discover
[0.268s] INFO:colcon.colcon_core.package_discovery:Crawling recursively for packages in '/root/workspaces/turtlebot_delivery_norasheikhly'
[0.273s] Level 1:colcon.colcon_core.package_identification:_identify(.) by extensions ['ignore', 'ignore_ament_install']
[0.277s] Level 1:colcon.colcon_core.package_identification:_identify(.) by extension 'ignore'
[0.281s] Level 1:colcon.colcon_core.package_identification:_identify(.) by extension 'ignore_ament_install'
[0.287s] Level 1:colcon.colcon_core.package_identification:_identify(.) by extensions ['colcon_pkg']
[0.291s] Level 1:colcon.colcon_core.package_identification:_identify(.) by extension 'colcon_pkg'
[0.296s] Level 1:colcon.colcon_core.package_identification:_identify(.) by extensions ['colcon_meta']
[0.300s] Level 1:colcon.colcon_core.package_identification:_identify(.) by extension 'colcon_meta'
[0.305s] Level 1:colcon.colcon_core.package_identification:_identify(.) by extensions ['ros']
[0.310s] Level 1:colcon.colcon_core.package_identification:_identify(.) by extension 'ros'
[0.347s] Level 1:colcon.colcon_core.package_identification:_identify(.) by extensions ['cmake', 'python']
[0.347s] Level 1:colcon.colcon_core.package_identification:_identify(.) by extension 'cmake'
[0.352s] Level 1:colcon.colcon_core.package_identification:_identify(.) by extension 'python'
[0.357s] Level 1:colcon.colcon_core.package_identification:_identify(.) by extensions ['python_setup_py']
[0.362s] Level 1:colcon.colcon_core.package_identification:_identify(.) by extension 'python_setup_py'
[0.367s] Level 1:colcon.colcon_core.package_identification:_identify(build) by extensions ['ignore', 'ignore_ament_install']
[0.371s] Level 1:colcon.colcon_core.package_identification:_identify(build) by extension 'ignore'
[0.375s] Level 1:colcon.colcon_core.package_identification:_identify(build) ignored
[0.385s] Level 1:colcon.colcon_core.package_identification:_identify(install) by extensions ['ignore', 'ignore_ament_install']
[0.389s] Level 1:colcon.colcon_core.package_identification:_identify(install) by extension 'ignore'
[0.402s] Level 1:colcon.colcon_core.package_identification:_identify(install) ignored
[0.412s] Level 1:colcon.colcon_core.package_identification:_identify(log) by extensions ['ignore', 'ignore_ament_install']
[0.415s] Level 1:colcon.colcon_core.package_identification:_identify(log) by extension 'ignore'
[0.419s] Level 1:colcon.colcon_core.package_identification:_identify(log) ignored
[0.424s] Level 1:colcon.colcon_core.package_identification:_identify(src) by extensions ['ignore', 'ignore_ament_install']
[0.427s] Level 1:colcon.colcon_core.package_identification:_identify(src) by extension 'ignore'
[0.432s] Level 1:colcon.colcon_core.package_identification:_identify(src) by extension 'ignore_ament_install'
[0.436s] Level 1:colcon.colcon_core.package_identification:_identify(src) by extensions ['colcon_pkg']
[0.440s] Level 1:colcon.colcon_core.package_identification:_identify(src) by extension 'colcon_pkg'
[0.444s] Level 1:colcon.colcon_core.package_identification:_identify(src) by extensions ['colcon_meta']
[0.453s] Level 1:colcon.colcon_core.package_identification:_identify(src) by extension 'colcon_meta'
[0.457s] Level 1:colcon.colcon_core.package_identification:_identify(src) by extensions ['ros']
[0.462s] Level 1:colcon.colcon_core.package_identification:_identify(src) by extension 'ros'
[0.470s] Level 1:colcon.colcon_core.package_identification:_identify(src) by extensions ['cmake', 'python']
[0.474s] Level 1:colcon.colcon_core.package_identification:_identify(src) by extension 'cmake'
[0.483s] Level 1:colcon.colcon_core.package_identification:_identify(src) by extension 'python'
[0.488s] Level 1:colcon.colcon_core.package_identification:_identify(src) by extensions ['python_setup_py']
[0.495s] Level 1:colcon.colcon_core.package_identification:_identify(src) by extension 'python_setup_py'
[0.502s] Level 1:colcon.colcon_core.package_identification:_identify(src/delivery_mission_controller) by extensions ['ignore', 'ignore_ament_install']
[0.508s] Level 1:colcon.colcon_core.package_identification:_identify(src/delivery_mission_controller) by extension 'ignore'
[0.513s] Level 1:colcon.colcon_core.package_identification:_identify(src/delivery_mission_controller) by extension 'ignore_ament_install'
[0.518s] Level 1:colcon.colcon_core.package_identification:_identify(src/delivery_mission_controller) by extensions ['colcon_pkg']
[0.522s] Level 1:colcon.colcon_core.package_identification:_identify(src/delivery_mission_controller) by extension 'colcon_pkg'
[0.530s] Level 1:colcon.colcon_core.package_identification:_identify(src/delivery_mission_controller) by extensions ['colcon_meta']
[0.534s] Level 1:colcon.colcon_core.package_identification:_identify(src/delivery_mission_controller) by extension 'colcon_meta'
[0.539s] Level 1:colcon.colcon_core.package_identification:_identify(src/delivery_mission_controller) by extensions ['ros']
[0.543s] Level 1:colcon.colcon_core.package_identification:_identify(src/delivery_mission_controller) by extension 'ros'
[0.560s] DEBUG:colcon.colcon_core.package_identification:Package 'src/delivery_mission_controller' with type 'ros.ament_python' and name 'delivery_mission_controller'
[0.561s] Level 1:colcon.colcon_core.package_identification:_identify(src/delivery_mission_interfaces) by extensions ['ignore', 'ignore_ament_install']
[0.565s] Level 1:colcon.colcon_core.package_identification:_identify(src/delivery_mission_interfaces) by extension 'ignore'
[0.570s] Level 1:colcon.colcon_core.package_identification:_identify(src/delivery_mission_interfaces) by extension 'ignore_ament_install'
[0.575s] Level 1:colcon.colcon_core.package_identification:_identify(src/delivery_mission_interfaces) by extensions ['colcon_pkg']
[0.581s] Level 1:colcon.colcon_core.package_identification:_identify(src/delivery_mission_interfaces) by extension 'colcon_pkg'
[0.587s] Level 1:colcon.colcon_core.package_identification:_identify(src/delivery_mission_interfaces) by extensions ['colcon_meta']
[0.591s] Level 1:colcon.colcon_core.package_identification:_identify(src/delivery_mission_interfaces) by extension 'colcon_meta'
[0.599s] Level 1:colcon.colcon_core.package_identification:_identify(src/delivery_mission_interfaces) by extensions ['ros']
[0.604s] Level 1:colcon.colcon_core.package_identification:_identify(src/delivery_mission_interfaces) by extension 'ros'
[0.616s] DEBUG:colcon.colcon_core.package_identification:Package 'src/delivery_mission_interfaces' with type 'ros.ament_cmake' and name 'delivery_mission_interfaces'
[0.616s] Level 1:colcon.colcon_core.package_discovery:discover_packages(recursive) using defaults
[0.627s] Level 1:colcon.colcon_core.package_discovery:discover_packages(ignore) discover
[0.635s] Level 1:colcon.colcon_core.package_discovery:discover_packages(ignore) using defaults
[0.639s] Level 1:colcon.colcon_core.package_discovery:discover_packages(path) discover
[0.647s] Level 1:colcon.colcon_core.package_discovery:discover_packages(path) using defaults
[0.678s] INFO:colcon.colcon_core.package_selection:Skipping not selected package 'delivery_mission_interfaces' in 'src/delivery_mission_interfaces'
[0.679s] Level 1:colcon.colcon_core.package_discovery:discover_packages(prefix_path) check parameters
[0.687s] Level 1:colcon.colcon_core.package_discovery:discover_packages(prefix_path) discover
[0.738s] DEBUG:colcon.colcon_installed_package_information.package_discovery:Found 2 installed packages in /root/workspaces/turtlebot_delivery_norasheikhly/install
[0.743s] DEBUG:colcon.colcon_installed_package_information.package_discovery:Found 4 installed packages in /root/workspaces/turtlebot_ws/install
[0.746s] DEBUG:colcon.colcon_installed_package_information.package_discovery:Found 455 installed packages in /opt/ros/jazzy
[0.749s] Level 1:colcon.colcon_core.package_discovery:discover_packages(prefix_path) using defaults
[0.850s] Level 5:colcon.colcon_core.verb:set package 'delivery_mission_controller' build argument 'cmake_args' from command line to 'None'
[0.850s] Level 5:colcon.colcon_core.verb:set package 'delivery_mission_controller' build argument 'cmake_target' from command line to 'None'
[0.850s] Level 5:colcon.colcon_core.verb:set package 'delivery_mission_controller' build argument 'cmake_target_skip_unavailable' from command line to 'False'
[0.855s] Level 5:colcon.colcon_core.verb:set package 'delivery_mission_controller' build argument 'cmake_clean_cache' from command line to 'False'
[0.860s] Level 5:colcon.colcon_core.verb:set package 'delivery_mission_controller' build argument 'cmake_clean_first' from command line to 'False'
[0.868s] Level 5:colcon.colcon_core.verb:set package 'delivery_mission_controller' build argument 'cmake_force_configure' from command line to 'False'
[0.873s] Level 5:colcon.colcon_core.verb:set package 'delivery_mission_controller' build argument 'ament_cmake_args' from command line to 'None'
[0.882s] Level 5:colcon.colcon_core.verb:set package 'delivery_mission_controller' build argument 'catkin_cmake_args' from command line to 'None'
[0.887s] Level 5:colcon.colcon_core.verb:set package 'delivery_mission_controller' build argument 'catkin_skip_building_tests' from command line to 'False'
[0.892s] DEBUG:colcon.colcon_core.verb:Building package 'delivery_mission_controller' with the following arguments: {'ament_cmake_args': None, 'build_base': '/root/workspaces/turtlebot_delivery_norasheikhly/build/delivery_mission_controller', 'catkin_cmake_args': None, 'catkin_skip_building_tests': False, 'cmake_args': None, 'cmake_clean_cache': False, 'cmake_clean_first': False, 'cmake_force_configure': False, 'cmake_target': None, 'cmake_target_skip_unavailable': False, 'install_base': '/root/workspaces/turtlebot_delivery_norasheikhly/install/delivery_mission_controller', 'merge_install': False, 'path': '/root/workspaces/turtlebot_delivery_norasheikhly/src/delivery_mission_controller', 'symlink_install': False, 'test_result_base': None}
[0.897s] INFO:colcon.colcon_core.executor:Executing jobs using 'parallel' executor
[0.903s] DEBUG:colcon.colcon_parallel_executor.executor.parallel:run_until_complete
[0.913s] INFO:colcon.colcon_ros.task.ament_python.build:Building ROS package in '/root/workspaces/turtlebot_delivery_norasheikhly/src/delivery_mission_controller' with build type 'ament_python'
[0.918s] Level 1:colcon.colcon_core.shell:create_environment_hook('delivery_mission_controller', 'ament_prefix_path')
[0.920s] INFO:colcon.colcon_core.plugin_system:Skipping extension 'colcon_core.shell.bat': Not used on non-Windows systems
[0.920s] INFO:colcon.colcon_core.shell:Creating environment hook '/root/workspaces/turtlebot_delivery_norasheikhly/install/delivery_mission_controller/share/delivery_mission_controller/hook/ament_prefix_path.ps1'
[0.938s] INFO:colcon.colcon_core.shell:Creating environment descriptor '/root/workspaces/turtlebot_delivery_norasheikhly/install/delivery_mission_controller/share/delivery_mission_controller/hook/ament_prefix_path.dsv'
[0.961s] INFO:colcon.colcon_core.shell:Creating environment hook '/root/workspaces/turtlebot_delivery_norasheikhly/install/delivery_mission_controller/share/delivery_mission_controller/hook/ament_prefix_path.sh'
[0.978s] INFO:colcon.colcon_core.shell:Skip shell extension 'powershell' for command environment: Not usable outside of PowerShell
[0.978s] DEBUG:colcon.colcon_core.shell:Skip shell extension 'dsv' for command environment
[1.394s] INFO:colcon.colcon_core.task.python.build:Building Python package in '/root/workspaces/turtlebot_delivery_norasheikhly/src/delivery_mission_controller'
[1.394s] INFO:colcon.colcon_core.shell:Skip shell extension 'powershell' for command environment: Not usable outside of PowerShell
[1.399s] DEBUG:colcon.colcon_core.shell:Skip shell extension 'dsv' for command environment
[2.328s] DEBUG:colcon.colcon_core.task.python.build:Available setuptools commands: editable_wheel, install_data, extract_messages, update_catalog, test, bdist_wheel, install, init_catalog, develop, saveopts, rotate, clean, upload_docs, bdist_rpm, compile_catalog, check, build_scripts, install_headers, easy_install, bdist, bdist_egg, install_scripts, alias, register, upload, sdist, build_ext, install_lib, egg_info, symlink_data, build_clib, dist_info, build, setopt, bdist_dumb, build_py, install_egg_info
[2.385s] DEBUG:colcon.colcon_core.event_handler.log_command:Invoking command in '/root/workspaces/turtlebot_delivery_norasheikhly/src/delivery_mission_controller': PYTHONPATH=/root/workspaces/turtlebot_delivery_norasheikhly/build/delivery_mission_controller/prefix_override:/usr/lib/python3/dist-packages/colcon_core/task/python/colcon_distutils_commands:/root/workspaces/turtlebot_delivery_norasheikhly/install/delivery_mission_controller/lib/python3.12/site-packages:/root/workspaces/turtlebot_delivery_norasheikhly/install/delivery_mission_interfaces/lib/python3.12/site-packages:/root/workspaces/turtlebot_delivery_norasheikhly/install/delivery_mission_controller/lib/python3.12/site-packages:/opt/ros/jazzy/lib/python3.12/site-packages /usr/bin/python3 -W ignore:setup.py install is deprecated -W ignore:easy_install command is deprecated setup.py egg_info --egg-base ../../build/delivery_mission_controller build --build-base /root/workspaces/turtlebot_delivery_norasheikhly/build/delivery_mission_controller/build install --record /root/workspaces/turtlebot_delivery_norasheikhly/build/delivery_mission_controller/install.log --install-scripts $base/lib/delivery_mission_controller --single-version-externally-managed install_data
[3.698s] DEBUG:colcon.colcon_core.event_handler.log_command:Invoked command in '/root/workspaces/turtlebot_delivery_norasheikhly/src/delivery_mission_controller' returned '0': PYTHONPATH=/root/workspaces/turtlebot_delivery_norasheikhly/build/delivery_mission_controller/prefix_override:/usr/lib/python3/dist-packages/colcon_core/task/python/colcon_distutils_commands:/root/workspaces/turtlebot_delivery_norasheikhly/install/delivery_mission_controller/lib/python3.12/site-packages:/root/workspaces/turtlebot_delivery_norasheikhly/install/delivery_mission_interfaces/lib/python3.12/site-packages:/root/workspaces/turtlebot_delivery_norasheikhly/install/delivery_mission_controller/lib/python3.12/site-packages:/opt/ros/jazzy/lib/python3.12/site-packages /usr/bin/python3 -W ignore:setup.py install is deprecated -W ignore:easy_install command is deprecated setup.py egg_info --egg-base ../../build/delivery_mission_controller build --build-base /root/workspaces/turtlebot_delivery_norasheikhly/build/delivery_mission_controller/build install --record /root/workspaces/turtlebot_delivery_norasheikhly/build/delivery_mission_controller/install.log --install-scripts $base/lib/delivery_mission_controller --single-version-externally-managed install_data
[3.701s] Level 1:colcon.colcon_core.environment:checking '/root/workspaces/turtlebot_delivery_norasheikhly/install/delivery_mission_controller' for CMake module files
[3.713s] Level 1:colcon.colcon_core.environment:checking '/root/workspaces/turtlebot_delivery_norasheikhly/install/delivery_mission_controller' for CMake config files
[3.733s] Level 1:colcon.colcon_core.environment:checking '/root/workspaces/turtlebot_delivery_norasheikhly/install/delivery_mission_controller/lib'
[3.735s] Level 1:colcon.colcon_core.environment:checking '/root/workspaces/turtlebot_delivery_norasheikhly/install/delivery_mission_controller/bin'
[3.738s] Level 1:colcon.colcon_core.environment:checking '/root/workspaces/turtlebot_delivery_norasheikhly/install/delivery_mission_controller/lib/pkgconfig/delivery_mission_controller.pc'
[3.743s] Level 1:colcon.colcon_core.environment:checking '/root/workspaces/turtlebot_delivery_norasheikhly/install/delivery_mission_controller/lib/python3.12/site-packages'
[3.743s] Level 1:colcon.colcon_core.shell:create_environment_hook('delivery_mission_controller', 'pythonpath')
[3.743s] INFO:colcon.colcon_core.shell:Creating environment hook '/root/workspaces/turtlebot_delivery_norasheikhly/install/delivery_mission_controller/share/delivery_mission_controller/hook/pythonpath.ps1'
[3.763s] INFO:colcon.colcon_core.shell:Creating environment descriptor '/root/workspaces/turtlebot_delivery_norasheikhly/install/delivery_mission_controller/share/delivery_mission_controller/hook/pythonpath.dsv'
[3.781s] INFO:colcon.colcon_core.shell:Creating environment hook '/root/workspaces/turtlebot_delivery_norasheikhly/install/delivery_mission_controller/share/delivery_mission_controller/hook/pythonpath.sh'
[3.802s] Level 1:colcon.colcon_core.environment:checking '/root/workspaces/turtlebot_delivery_norasheikhly/install/delivery_mission_controller/bin'
[3.802s] Level 1:colcon.colcon_core.environment:create_environment_scripts_only(delivery_mission_controller)
[3.808s] INFO:colcon.colcon_core.shell:Creating package script '/root/workspaces/turtlebot_delivery_norasheikhly/install/delivery_mission_controller/share/delivery_mission_controller/package.ps1'
[3.845s] INFO:colcon.colcon_core.shell:Creating package descriptor '/root/workspaces/turtlebot_delivery_norasheikhly/install/delivery_mission_controller/share/delivery_mission_controller/package.dsv'
[3.864s] INFO:colcon.colcon_core.shell:Creating package script '/root/workspaces/turtlebot_delivery_norasheikhly/install/delivery_mission_controller/share/delivery_mission_controller/package.sh'
[3.880s] INFO:colcon.colcon_core.shell:Creating package script '/root/workspaces/turtlebot_delivery_norasheikhly/install/delivery_mission_controller/share/delivery_mission_controller/package.bash'
[3.899s] INFO:colcon.colcon_core.shell:Creating package script '/root/workspaces/turtlebot_delivery_norasheikhly/install/delivery_mission_controller/share/delivery_mission_controller/package.zsh'
[3.913s] Level 1:colcon.colcon_core.environment:create_file_with_runtime_dependencies(/root/workspaces/turtlebot_delivery_norasheikhly/install/delivery_mission_controller/share/colcon-core/packages/delivery_mission_controller)
[3.928s] DEBUG:colcon.colcon_parallel_executor.executor.parallel:closing loop
[3.929s] DEBUG:colcon.colcon_parallel_executor.executor.parallel:loop closed
[3.933s] DEBUG:colcon.colcon_parallel_executor.executor.parallel:run_until_complete finished with '0'
[3.933s] DEBUG:colcon.colcon_core.event_reactor:joining thread
[3.982s] INFO:colcon.colcon_core.plugin_system:Skipping extension 'colcon_notification.desktop_notification.notify_send': Could not find 'notify-send'
[3.982s] INFO:colcon.colcon_core.plugin_system:Skipping extension 'colcon_notification.desktop_notification.terminal_notifier': Not used on non-Darwin systems
[3.987s] INFO:colcon.colcon_core.plugin_system:Skipping extension 'colcon_notification.desktop_notification.win32': Not used on non-Windows systems
[3.992s] INFO:colcon.colcon_notification.desktop_notification:Sending desktop notification using 'notify2'
[4.010s] DEBUG:colcon.colcon_notification.desktop_notification.notify2:Failed to initialize notify2: org.freedesktop.DBus.Error.Spawn.ExecFailed: /usr/bin/dbus-launch terminated abnormally without any error message
[4.010s] DEBUG:colcon.colcon_core.event_reactor:joined thread
[4.015s] INFO:colcon.colcon_core.shell:Creating prefix script '/root/workspaces/turtlebot_delivery_norasheikhly/install/local_setup.ps1'
[4.041s] INFO:colcon.colcon_core.shell:Creating prefix util module '/root/workspaces/turtlebot_delivery_norasheikhly/install/_local_setup_util_ps1.py'
[4.062s] INFO:colcon.colcon_core.shell:Creating prefix chain script '/root/workspaces/turtlebot_delivery_norasheikhly/install/setup.ps1'
[4.095s] INFO:colcon.colcon_core.shell:Creating prefix script '/root/workspaces/turtlebot_delivery_norasheikhly/install/local_setup.sh'
[4.119s] INFO:colcon.colcon_core.shell:Creating prefix util module '/root/workspaces/turtlebot_delivery_norasheikhly/install/_local_setup_util_sh.py'
[4.139s] INFO:colcon.colcon_core.shell:Creating prefix chain script '/root/workspaces/turtlebot_delivery_norasheikhly/install/setup.sh'
[4.170s] INFO:colcon.colcon_core.shell:Creating prefix script '/root/workspaces/turtlebot_delivery_norasheikhly/install/local_setup.bash'
[4.188s] INFO:colcon.colcon_core.shell:Creating prefix chain script '/root/workspaces/turtlebot_delivery_norasheikhly/install/setup.bash'
[4.220s] INFO:colcon.colcon_core.shell:Creating prefix script '/root/workspaces/turtlebot_delivery_norasheikhly/install/local_setup.zsh'
[4.240s] INFO:colcon.colcon_core.shell:Creating prefix chain script '/root/workspaces/turtlebot_delivery_norasheikhly/install/setup.zsh'
